Component: ARM Compiler 5.06 update 7 (build 960) Tool: armlink [4d3601]

==============================================================================

Section Cross References

    main.o(.text) refers to tasks.o(.text) for vTaskDelay
    main.o(.text) refers to port.o(.text) for vPortEnterCritical
    main.o(.text) refers to misc.o(.text) for NVIC_PriorityGroupConfig
    main.o(.text) refers to delay.o(.text) for delay_init
    main.o(.text) refers to usart.o(.text) for uart_init
    main.o(.text) refers to bsp_led.o(.text) for LED_GPIO_Config
    main.o(.text) refers to bsp_esp8266.o(.text) for Usart2_Init
    main.o(.text) refers to main.o(.data) for .data
    system_stm32f10x.o(.text) refers to system_stm32f10x.o(.data) for .data
    startup_stm32f10x_hd.o(STACK) refers (Special) to heapauxi.o(.text) for __use_two_region_memory
    startup_stm32f10x_hd.o(HEAP) refers (Special) to heapauxi.o(.text) for __use_two_region_memory
    startup_stm32f10x_hd.o(RESET) refers (Special) to heapauxi.o(.text) for __use_two_region_memory
    startup_stm32f10x_hd.o(RESET) refers to startup_stm32f10x_hd.o(STACK) for __initial_sp
    startup_stm32f10x_hd.o(RESET) refers to startup_stm32f10x_hd.o(.text) for Reset_Handler
    startup_stm32f10x_hd.o(RESET) refers to stm32f10x_it.o(.text) for NMI_Handler
    startup_stm32f10x_hd.o(RESET) refers to port.o(.emb_text) for SVC_Handler
    startup_stm32f10x_hd.o(RESET) refers to delay.o(.text) for SysTick_Handler
    startup_stm32f10x_hd.o(RESET) refers to usart.o(.text) for USART1_IRQHandler
    startup_stm32f10x_hd.o(RESET) refers to bsp_esp8266.o(.text) for USART2_IRQHandler
    startup_stm32f10x_hd.o(.text) refers (Special) to heapauxi.o(.text) for __use_two_region_memory
    startup_stm32f10x_hd.o(.text) refers to system_stm32f10x.o(.text) for SystemInit
    startup_stm32f10x_hd.o(.text) refers to __main.o(!!!main) for __main
    startup_stm32f10x_hd.o(.text) refers to startup_stm32f10x_hd.o(HEAP) for Heap_Mem
    startup_stm32f10x_hd.o(.text) refers to startup_stm32f10x_hd.o(STACK) for Stack_Mem
    stm32f10x_gpio.o(.text) refers to stm32f10x_rcc.o(.text) for RCC_APB2PeriphResetCmd
    stm32f10x_rcc.o(.text) refers to stm32f10x_rcc.o(.data) for .data
    stm32f10x_usart.o(.text) refers to stm32f10x_rcc.o(.text) for RCC_APB2PeriphResetCmd
    event_groups.o(.text) refers to _printf_percent.o(.ARM.Collect$$_printf_percent$$00000000) for _printf_percent
    event_groups.o(.text) refers to _printf_d.o(.ARM.Collect$$_printf_percent$$00000009) for _printf_d
    event_groups.o(.text) refers to _printf_s.o(.ARM.Collect$$_printf_percent$$00000014) for _printf_s
    event_groups.o(.text) refers to _printf_dec.o(.text) for _printf_int_dec
    event_groups.o(.text) refers to _printf_str.o(.text) for _printf_str
    event_groups.o(.text) refers to heap_4.o(.text) for pvPortMalloc
    event_groups.o(.text) refers to list.o(.text) for vListInitialise
    event_groups.o(.text) refers to noretval__2printf.o(.text) for __2printf
    event_groups.o(.text) refers to tasks.o(.text) for vTaskSuspendAll
    event_groups.o(.text) refers to port.o(.text) for vPortEnterCritical
    event_groups.o(.text) refers to timers.o(.text) for xTimerPendFunctionCallFromISR
    queue.o(.text) refers to _printf_percent.o(.ARM.Collect$$_printf_percent$$00000000) for _printf_percent
    queue.o(.text) refers to _printf_d.o(.ARM.Collect$$_printf_percent$$00000009) for _printf_d
    queue.o(.text) refers to _printf_s.o(.ARM.Collect$$_printf_percent$$00000014) for _printf_s
    queue.o(.text) refers to _printf_dec.o(.text) for _printf_int_dec
    queue.o(.text) refers to _printf_str.o(.text) for _printf_str
    queue.o(.text) refers to noretval__2printf.o(.text) for __2printf
    queue.o(.text) refers to port.o(.text) for vPortEnterCritical
    queue.o(.text) refers to list.o(.text) for vListInitialise
    queue.o(.text) refers to tasks.o(.text) for xTaskRemoveFromEventList
    queue.o(.text) refers to heap_4.o(.text) for pvPortMalloc
    queue.o(.text) refers to rt_memcpy_v6.o(.text) for __aeabi_memcpy
    queue.o(.text) refers to queue.o(.bss) for .bss
    tasks.o(.text) refers to _printf_percent.o(.ARM.Collect$$_printf_percent$$00000000) for _printf_percent
    tasks.o(.text) refers to _printf_d.o(.ARM.Collect$$_printf_percent$$00000009) for _printf_d
    tasks.o(.text) refers to _printf_s.o(.ARM.Collect$$_printf_percent$$00000014) for _printf_s
    tasks.o(.text) refers to _printf_dec.o(.text) for _printf_int_dec
    tasks.o(.text) refers to _printf_str.o(.text) for _printf_str
    tasks.o(.text) refers to _printf_u.o(.ARM.Collect$$_printf_percent$$0000000A) for _printf_u
    tasks.o(.text) refers to _printf_c.o(.ARM.Collect$$_printf_percent$$00000013) for _printf_c
    tasks.o(.text) refers to port.o(.text) for vPortEnterCritical
    tasks.o(.text) refers to list.o(.text) for vListInitialise
    tasks.o(.text) refers to heap_4.o(.text) for pvPortMalloc
[...]
    ../clib/printf.c                         0x00000000   Number         0  __printf_nopercent.o ABSOLUTE
    ../clib/printf.c                         0x00000000   Number         0  _printf_hex_int_ll.o ABSOLUTE
    ../clib/printf.c                         0x00000000   Number         0  _printf_hex_ll_ptr.o ABSOLUTE
    ../clib/printf.c                         0x00000000   Number         0  _printf_hex_int.o ABSOLUTE
    ../clib/printf.c                         0x00000000   Number         0  __2printf.o ABSOLUTE
    ../clib/printf.c                         0x00000000   Number         0  __2sprintf.o ABSOLUTE
    ../clib/printf.c                         0x00000000   Number         0  noretval__2printf.o ABSOLUTE
    ../clib/printf.c                         0x00000000   Number         0  noretval__2sprintf.o ABSOLUTE
    ../clib/printf_percent.s                 0x00000000   Number         0  _printf_d.o ABSOLUTE
    ../clib/printf_percent.s                 0x00000000   Number         0  _printf_x.o ABSOLUTE
    ../clib/printf_percent.s                 0x00000000   Number         0  _printf_c.o ABSOLUTE
    ../clib/printf_percent.s                 0x00000000   Number         0  _printf_u.o ABSOLUTE
    ../clib/printf_percent.s                 0x00000000   Number         0  _printf_percent.o ABSOLUTE
    ../clib/printf_percent.s                 0x00000000   Number         0  _printf_e.o ABSOLUTE
    ../clib/printf_percent.s                 0x00000000   Number         0  _printf_f.o ABSOLUTE
    ../clib/printf_percent.s                 0x00000000   Number         0  _printf_s.o ABSOLUTE
    ../clib/printf_percent.s                 0x00000000   Number         0  _printf_percent_end.o ABSOLUTE
    ../clib/scanf.c                          0x00000000   Number         0  atoi.o ABSOLUTE
    ../clib/scanf.c                          0x00000000   Number         0  _chval.o ABSOLUTE
    ../clib/scanf.c                          0x00000000   Number         0  strtol.o ABSOLUTE
    ../clib/scanf.c                          0x00000000   Number         0  _strtoul.o ABSOLUTE
    ../clib/signal.c                         0x00000000   Number         0  __raise.o ABSOLUTE
    ../clib/signal.c                         0x00000000   Number         0  defsig_stak_inner.o ABSOLUTE
    ../clib/signal.c                         0x00000000   Number         0  defsig_exit.o ABSOLUTE
    ../clib/signal.c                         0x00000000   Number         0  defsig_rtred_inner.o ABSOLUTE
    ../clib/signal.c                         0x00000000   Number         0  defsig_general.o ABSOLUTE
    ../clib/signal.c                         0x00000000   Number         0  defsig_abrt_inner.o ABSOLUTE
    ../clib/signal.c                         0x00000000   Number         0  defsig_rtmem_formal.o ABSOLUTE
    ../clib/signal.c                         0x00000000   Number         0  defsig_rtmem_outer.o ABSOLUTE
    ../clib/signal.c                         0x00000000   Number         0  defsig_rtmem_inner.o ABSOLUTE
    ../clib/signal.c                         0x00000000   Number         0  defsig_fpe_inner.o ABSOLUTE
    ../clib/signal.c                         0x00000000   Number         0  defsig_other.o ABSOLUTE
    ../clib/signal.c                         0x00000000   Number         0  defsig_pvfn_inner.o ABSOLUTE
    ../clib/signal.c                         0x00000000   Number         0  defsig_cppl_inner.o ABSOLUTE
    ../clib/signal.c                         0x00000000   Number         0  defsig_segv_inner.o ABSOLUTE
    ../clib/signal.s                         0x00000000   Number         0  defsig.o ABSOLUTE
    ../clib/stdio.c                          0x00000000   Number         0  ferror_locked.o ABSOLUTE
    ../clib/stdio.c                          0x00000000   Number         0  ferror.o ABSOLUTE
    ../clib/stdlib.c                         0x00000000   Number         0  exit.o ABSOLUTE
    ../clib/string.c                         0x00000000   Number         0  strcpy.o ABSOLUTE
    ../clib/string.c                         0x00000000   Number         0  strncmp.o ABSOLUTE
    ../clib/string.c                         0x00000000   Number         0  strlen.o ABSOLUTE
    ../clib/string.c                         0x00000000   Number         0  strstr.o ABSOLUTE
    ../clib/string.c                         0x00000000   Number         0  strncat.o ABSOLUTE
    ../clib/string.c                         0x00000000   Number         0  strchr.o ABSOLUTE
    ../fplib/daddsub.s                       0x00000000   Number         0  daddsub_clz.o ABSOLUTE
    ../fplib/dcheck1.s                       0x00000000   Number         0  dcheck1.o ABSOLUTE
    ../fplib/dcmpi.s                         0x00000000   Number         0  dcmpi.o ABSOLUTE
    ../fplib/ddiv.s                          0x00000000   Number         0  ddiv.o ABSOLUTE
    ../fplib/deqf.s                          0x00000000   Number         0  deqf.o ABSOLUTE
    ../fplib/dfix.s                          0x00000000   Number         0  dfix.o ABSOLUTE
    ../fplib/dflt.s                          0x00000000   Number         0  dflt_clz.o ABSOLUTE
    ../fplib/dleqf.s                         0x00000000   Number         0  dleqf.o ABSOLUTE
    ../fplib/dmul.s                          0x00000000   Number         0  dmul.o ABSOLUTE
    ../fplib/dnaninf.s                       0x00000000   Number         0  dnaninf.o ABSOLUTE
    ../fplib/dretinf.s                       0x00000000   Number         0  dretinf.o ABSOLUTE
    ../fplib/drleqf.s                        0x00000000   Number         0  drleqf.o ABSOLUTE
    ../fplib/dsqrt.s                         0x00000000   Number         0  dsqrt_noumaal.o ABSOLUTE
    ../fplib/f2d.s                           0x00000000   Number         0  f2d.o ABSOLUTE
    ../fplib/fnaninf.s                       0x00000000   Number         0  fnaninf.o ABSOLUTE
    ../fplib/fpinit.s                        0x00000000   Number         0  fpinit.o ABSOLUTE
    ../fplib/istatus.s                       0x00000000   Number         0  istatus.o ABSOLUTE
    ../fplib/printf1.s                       0x00000000   Number         0  printf1.o ABSOLUTE
    ../fplib/retnan.s                        0x00000000   Number         0  retnan.o ABSOLUTE
    ../fplib/scalbn.s                        0x00000000   Number         0  scalbn.o ABSOLUTE
    ../fplib/trapv.s                         0x00000000   Number         0  trapv.o ABSOLUTE
    ../fplib/usenofp.s                       0x00000000   Number         0  usenofp.o ABSOLUTE
    ../mathlib/dunder.c                      0x00000000   Number         0  dunder.o ABSOLUTE
    ../mathlib/floor.c                       0x00000000   Number         0  floor.o ABSOLUTE
    ../mathlib/fpclassify.c                  0x00000000   Number         0  fpclassify.o ABSOLUTE
    ../mathlib/poly.c                        0x00000000   Number         0  poly.o ABSOLUTE
    ../mathlib/pow.c                         0x00000000   Number         0  pow_x.o ABSOLUTE
    ../mathlib/pow.c                         0x00000000   Number         0  pow.o ABSOLUTE
    ../mathlib/qnan.c                        0x00000000   Number         0  qnan.o ABSOLUTE
    ../mathlib/sqrt.c                        0x00000000   Number         0  sqrt.o ABSOLUTE
    ../mathlib/sqrt.c                        0x00000000   Number         0  sqrt_x.o ABSOLUTE
    ..\CORE\core_cm3.c                       0x00000000   Number         0  core_cm3.o ABSOLUTE
    ..\CORE\startup_stm32f10x_hd.s           0x00000000   Number         0  startup_stm32f10x_hd.o ABSOLUTE
    ..\FreeRTOS\croutine.c                   0x00000000   Number         0  croutine.o ABSOLUTE
    ..\FreeRTOS\event_groups.c               0x00000000   Number         0  event_groups.o ABSOLUTE
    ..\FreeRTOS\list.c                       0x00000000   Number         0  list.o ABSOLUTE
    ..\FreeRTOS\portable\MemMang\heap_4.c    0x00000000   Number         0  heap_4.o ABSOLUTE
    ..\FreeRTOS\portable\RVDS\ARM_CM3\port.c 0x00000000   Number         0  port.o ABSOLUTE
    ..\FreeRTOS\queue.c                      0x00000000   Number         0  queue.o ABSOLUTE
    ..\FreeRTOS\tasks.c                      0x00000000   Number         0  tasks.o ABSOLUTE
    ..\FreeRTOS\timers.c                     0x00000000   Number         0  timers.o ABSOLUTE
    ..\HARDWARE\BSP\cjson\cJSON.c            0x00000000   Number         0  cjson.o ABSOLUTE
    ..\HARDWARE\BSP\delay\delay.c            0x00000000   Number         0  delay.o ABSOLUTE
    ..\HARDWARE\BSP\sys\sys.c                0x00000000   Number         0  sys.o ABSOLUTE
    ..\HARDWARE\BSP\usart\usart.c            0x00000000   Number         0  usart.o ABSOLUTE
    ..\HARDWARE\DEVICES\emqx\bsp_emqx.c      0x00000000   Number         0  bsp_emqx.o ABSOLUTE
    ..\HARDWARE\DEVICES\esp8266\bsp_esp8266.c 0x00000000   Number         0  bsp_esp8266.o ABSOLUTE
    ..\HARDWARE\DEVICES\led\bsp_led.c        0x00000000   Number         0  bsp_led.o ABSOLUTE
    ..\HARDWARE\DEVICES\mqtt\MqttKit.c       0x00000000   Number         0  mqttkit.o ABSOLUTE
    ..\STM32F10x_FWLib\src\misc.c            0x00000000   Number         0  misc.o ABSOLUTE
    ..\STM32F10x_FWLib\src\stm32f10x_gpio.c  0x00000000   Number         0  stm32f10x_gpio.o ABSOLUTE
    ..\STM32F10x_FWLib\src\stm32f10x_rcc.c   0x00000000   Number         0  stm32f10x_rcc.o ABSOLUTE
    ..\STM32F10x_FWLib\src\stm32f10x_usart.c 0x00000000   Number         0  stm32f10x_usart.o ABSOLUTE
    ..\\CORE\\core_cm3.c                     0x00000000   Number         0  core_cm3.o ABSOLUTE
    ..\\FreeRTOS\\portable\\RVDS\\ARM_CM3\\port.c 0x00000000   Number         0  port.o ABSOLUTE
    ..\\HARDWARE\\BSP\\sys\\sys.c            0x00000000   Number         0  sys.o ABSOLUTE
    dc.s                                     0x00000000   Number         0  dc.o ABSOLUTE
    main.c                                   0x00000000   Number         0  main.o ABSOLUTE
    stm32f10x_it.c                           0x00000000   Number         0  stm32f10x_it.o ABSOLUTE
    system_stm32f10x.c                       0x00000000   Number         0  system_stm32f10x.o ABSOLUTE
    RESET                                    0x08000000   Section      304  startup_stm32f10x_hd.o(RESET)
    !!!main                                  0x08000130   Section        8  __main.o(!!!main)
    !!!scatter                               0x08000138   Section       52  __scatter.o(!!!scatter)
    !!handler_copy                           0x0800016c   Section       26  __scatter_copy.o(!!handler_copy)
    !!handler_zi                             0x08000188   Section       28  __scatter_zi.o(!!handler_zi)
    .ARM.Collect$$_printf_percent$$00000000  0x080001a4   Section        0  _printf_percent.o(.ARM.Collect$$_printf_percent$$00000000)
    .ARM.Collect$$_printf_percent$$00000009  0x080001a4   Section        6  _printf_d.o(.ARM.Collect$$_printf_percent$$00000009)
    .ARM.Collect$$_printf_percent$$0000000A  0x080001aa   Section        6  _printf_u.o(.ARM.Collect$$_printf_percent$$0000000A)
    .ARM.Collect$$_printf_percent$$00000013  0x080001b0   Section        6  _printf_c.o(.ARM.Collect$$_printf_percent$$00000013)
    .ARM.Collect$$_printf_percent$$00000014  0x080001b6   Section        6  _printf_s.o(.ARM.Collect$$_printf_percent$$00000014)
    .ARM.Collect$$_printf_percent$$00000017  0x080001bc   Section        4  _printf_percent_end.o(.ARM.Collect$$_printf_percent$$00000017)
    .ARM.Collect$$libinit$$00000000          0x080001c0   Section        2  libinit.o(.ARM.Collect$$libinit$$00000000)
    .ARM.Collect$$libinit$$00000002          0x080001c2   Section        0  libinit2.o(.ARM.Collect$$libinit$$00000002)
    .ARM.Collect$$libinit$$00000004          0x080001c2   Section        0  libinit2.o(.ARM.Collect$$libinit$$00000004)
    .ARM.Collect$$libinit$$0000000A          0x080001c2   Section        0  libinit2.o(.ARM.Collect$$libinit$$0000000A)
    .ARM.Collect$$libinit$$0000000C          0x080001c2   Section        0  libinit2.o(.ARM.Collect$$libinit$$0000000C)
    .ARM.Collect$$libinit$$0000000E          0x080001c2   Section        0  libinit2.o(.ARM.Collect$$libinit$$0000000E)
    .ARM.Collect$$libinit$$00000011          0x080001c2   Section        0  libinit2.o(.ARM.Collect$$libinit$$00000011)
    .ARM.Collect$$libinit$$00000013          0x080001c2   Section        0  libinit2.o(.ARM.Collect$$libinit$$00000013)
    .ARM.Collect$$libinit$$00000015          0x080001c2   Section        0  libinit2.o(.ARM.Collect$$libinit$$00000015)
    .ARM.Collect$$libinit$$00000017          0x080001c2   Section        0  libinit2.o(.ARM.Collect$$libinit$$00000017)
    .ARM.Collect$$libinit$$00000019          0x080001c2   Section        0  libinit2.o(.ARM.Collect$$libinit$$00000019)
    .ARM.Collect$$libinit$$0000001B          0x080001c2   Section        0  libinit2.o(.ARM.Collect$$libinit$$0000001B)
    .ARM.Collect$$libinit$$0000001D          0x080001c2   Section        0  libinit2.o(.ARM.Collect$$libinit$$0000001D)
    .ARM.Collect$$libinit$$0000001F          0x080001c2   Section        0  libinit2.o(.ARM.Collect$$libinit$$0000001F)
    .ARM.Collect$$libinit$$00000021          0x080001c2   Section        0  libinit2.o(.ARM.Collect$$libinit$$00000021)
    .ARM.Collect$$libinit$$00000023          0x080001c2   Section        0  libinit2.o(.ARM.Collect$$libinit$$00000023)
    .ARM.Collect$$libinit$$00000025          0x080001c2   Section        0  libinit2.o(.ARM.Collect$$libinit$$00000025)
    .ARM.Collect$$libinit$$0000002C          0x080001c2   Section        0  libinit2.o(.ARM.Collect$$libinit$$0000002C)
    .ARM.Collect$$libinit$$0000002E          0x080001c2   Section        0  libinit2.o(.ARM.Collect$$libinit$$0000002E)
    .ARM.Collect$$libinit$$00000030          0x080001c2   Section        0  libinit2.o(.ARM.Collect$$libinit$$00000030)
    .ARM.Collect$$libinit$$00000032          0x080001c2   Section        0  libinit2.o(.ARM.Collect$$libinit$$00000032)
    .ARM.Collect$$libinit$$00000033          0x080001c2   Section        2  libinit2.o(.ARM.Collect$$libinit$$00000033)
    .ARM.Collect$$libshutdown$$00000000      0x080001c4   Section        2  libshutdown.o(.ARM.Collect$$libshutdown$$00000000)
    .ARM.Collect$$libshutdown$$00000002      0x080001c6   Section        0  libshutdown2.o(.ARM.Collect$$libshutdown$$00000002)
    .ARM.Collect$$libshutdown$$00000004      0x080001c6   Section        0  libshutdown2.o(.ARM.Collect$$libshutdown$$00000004)
    .ARM.Collect$$libshutdown$$00000006      0x080001c6   Section        0  libshutdown2.o(.ARM.Collect$$libshutdown$$00000006)
    .ARM.Collect$$libshutdown$$00000009      0x080001c6   Section        0  libshutdown2.o(.ARM.Collect$$libshutdown$$00000009)
    .ARM.Collect$$libshutdown$$0000000C      0x080001c6   Section        0  libshutdown2.o(.ARM.Collect$$libshutdown$$0000000C)
    .ARM.Collect$$libshutdown$$0000000E      0x080001c6   Section        0  libshutdown2.o(.ARM.Collect$$libshutdown$$0000000E)
    .ARM.Collect$$libshutdown$$00000011      0x080001c6   Section        0  libshutdown2.o(.ARM.Collect$$libshutdown$$00000011)
    .ARM.Collect$$libshutdown$$00000012      0x080001c6   Section        2  libshutdown2.o(.ARM.Collect$$libshutdown$$00000012)
    .ARM.Collect$$rtentry$$00000000          0x080001c8   Section        0  __rtentry.o(.ARM.Collect$$rtentry$$00000000)
    .ARM.Collect$$rtentry$$00000002          0x080001c8   Section        0  __rtentry2.o(.ARM.Collect$$rtentry$$00000002)
    .ARM.Collect$$rtentry$$00000004          0x080001c8   Section        6  __rtentry4.o(.ARM.Collect$$rtentry$$00000004)
    .ARM.Collect$$rtentry$$00000009          0x080001ce   Section        0  __rtentry2.o(.ARM.Collect$$rtentry$$00000009)
    .ARM.Collect$$rtentry$$0000000A          0x080001ce   Section        4  __rtentry2.o(.ARM.Collect$$rtentry$$0000000A)
    .ARM.Collect$$rtentry$$0000000C          0x080001d2   Section        0  __rtentry2.o(.ARM.Collect$$rtentry$$0000000C)
    .ARM.Collect$$rtentry$$0000000D          0x080001d2   Section        8  __rtentry2.o(.ARM.Collect$$rtentry$$0000000D)
    .ARM.Collect$$rtexit$$00000000           0x080001da   Section        2  rtexit.o(.ARM.Collect$$rtexit$$00000000)
    .ARM.Collect$$rtexit$$00000002           0x080001dc   Section        0  rtexit2.o(.ARM.Collect$$rtexit$$00000002)
    .ARM.Collect$$rtexit$$00000003           0x080001dc   Section        4  rtexit2.o(.ARM.Collect$$rtexit$$00000003)
    .ARM.Collect$$rtexit$$00000004           0x080001e0   Section        6  rtexit2.o(.ARM.Collect$$rtexit$$00000004)
    .emb_text                                0x080001e8   Section      150  port.o(.emb_text)
    .text                                    0x08000280   Section        0  main.o(.text)
    .text                                    0x08000330   Section        0  stm32f10x_it.o(.text)
    .text                                    0x0800033c   Section        0  system_stm32f10x.o(.text)
    SetSysClockTo72                          0x0800033d   Thumb Code   160  system_stm32f10x.o(.text)
    .text                                    0x08000494   Section       64  startup_stm32f10x_hd.o(.text)
    .text                                    0x080004d4   Section        0  misc.o(.text)
    .text                                    0x08000584   Section        0  stm32f10x_gpio.o(.text)
    .text                                    0x080007e8   Section        0  stm32f10x_rcc.o(.text)
    .text                                    0x08000aa0   Section        0  stm32f10x_usart.o(.text)
    .text                                    0x08000dc8   Section        0  list.o(.text)
    .text                                    0x08000e50   Section        0  queue.o(.text)
    prvCopyDataToQueue                       0x08000f23   Thumb Code   106  queue.o(.text)
    prvNotifyQueueSetContainer               0x08000f8d   Thumb Code   108  queue.o(.text)
    prvUnlockQueue                           0x08000ff9   Thumb Code   120  queue.o(.text)
    prvCopyDataFromQueue                     0x08001255   Thumb Code    38  queue.o(.text)
    prvIsQueueEmpty                          0x080018d9   Thumb Code    26  queue.o(.text)
    .text                                    0x080018fc   Section        0  tasks.o(.text)
    prvAddNewTaskToReadyList                 0x080018fd   Thumb Code   192  tasks.o(.text)
    prvAddCurrentTaskToDelayedList           0x08001c1d   Thumb Code   102  tasks.o(.text)
    prvTaskIsTaskSuspended                   0x08001fc9   Thumb Code    48  tasks.o(.text)
    prvIdleTask                              0x080020eb   Thumb Code    30  tasks.o(.text)
    prvListTasksWithinSingleList             0x0800225f   Thumb Code    84  tasks.o(.text)
    prvInitialiseNewTask                     0x08002b07   Thumb Code   152  tasks.o(.text)
    prvResetNextTaskUnblockTime              0x08002b9f   Thumb Code    26  tasks.o(.text)
    prvDeleteTCB                             0x08002bb9   Thumb Code    20  tasks.o(.text)
    prvCheckTasksWaitingTermination          0x08002bcd   Thumb Code    76  tasks.o(.text)
    .text                                    0x08002c48   Section        0  timers.o(.text)
    prvInsertTimerInActiveList               0x08002c49   Thumb Code    52  timers.o(.text)
    prvProcessReceivedCommands               0x08002cdf   Thumb Code   196  timers.o(.text)
    prvTimerTask                             0x08002da3   Thumb Code    34  timers.o(.text)
    prvCheckForValidListAndQueue             0x08002dc5   Thumb Code    62  timers.o(.text)
    prvSampleTimeNow                         0x08002fa7   Thumb Code    36  timers.o(.text)
    prvProcessTimerOrBlockTask               0x08002fcb   Thumb Code   210  timers.o(.text)
    prvSwitchTimerLists                      0x0800309d   Thumb Code   102  timers.o(.text)
    prvProcessExpiredTimer                   0x08003103   Thumb Code    88  timers.o(.text)
    .text                                    0x08003160   Section        0  port.o(.text)
    prvTaskExitError                         0x08003161   Thumb Code    34  port.o(.text)
    .text                                    0x08003358   Section        0  heap_4.o(.text)
    prvInsertBlockIntoFreeList               0x08003359   Thumb Code    72  heap_4.o(.text)
    prvHeapInit                              0x080034e9   Thumb Code    66  heap_4.o(.text)
    .text                                    0x0800356c   Section        0  delay.o(.text)
    .text                                    0x08003644   Section        0  usart.o(.text)
    .text                                    0x08003758   Section        0  bsp_led.o(.text)
    .text                                    0x080037b8   Section        0  bsp_esp8266.o(.text)
    .text                                    0x08003b74   Section        2  use_no_semi_2.o(.text)
    .text                                    0x08003b78   Section        0  noretval__2printf.o(.text)
    .text                                    0x08003b90   Section        0  noretval__2sprintf.o(.text)
    .text                                    0x08003bb8   Section        0  _printf_str.o(.text)
    .text                                    0x08003c0c   Section        0  _printf_dec.o(.text)
    .text                                    0x08003c84   Section        0  __printf_flags_wp.o(.text)
    .text                                    0x08003dbc   Section        0  strchr.o(.text)
    .text                                    0x08003dd0   Section        0  strstr.o(.text)
    .text                                    0x08003df4   Section        0  strcpy.o(.text)
    .text                                    0x08003e3c   Section        0  strlen.o(.text)
    .text                                    0x08003e7a   Section      138  rt_memcpy_v6.o(.text)
    .text                                    0x08003f04   Section      100  rt_memcpy_w.o(.text)
    .text                                    0x08003f68   Section       16  aeabi_memset.o(.text)
    .text                                    0x08003f78   Section       68  rt_memclr.o(.text)
    .text                                    0x08003fbc   Section       78  rt_memclr_w.o(.text)
    .text                                    0x0800400a   Section        0  heapauxi.o(.text)
    .text                                    0x08004010   Section        2  use_no_semi.o(.text)
    .text                                    0x08004012   Section        0  _printf_intcommon.o(.text)
    .text                                    0x080040c4   Section        0  _printf_char_common.o(.text)
    _printf_input_char                       0x080040c5   Thumb Code    10  _printf_char_common.o(.text)
    .text                                    0x080040f4   Section        0  _sputc.o(.text)
    .text                                    0x080040fe   Section        0  _printf_char.o(.text)
    .text                                    0x0800412c   Section        0  _printf_char_file.o(.text)
    .text                                    0x08004150   Section        8  libspace.o(.text)
    .text                                    0x08004158   Section        0  ferror.o(.text)
    .text                                    0x08004160   Section       74  sys_stackheap_outer.o(.text)
    .text                                    0x080041aa   Section        0  exit.o(.text)
    i._is_digit                              0x080041bc   Section        0  __printf_wp.o(i._is_digit)
    .constdata                               0x080041ca   Section       17  __printf_flags_wp.o(.constdata)
    maptable                                 0x080041ca   Data          17  __printf_flags_wp.o(.constdata)
    .data                                    0x20000000   Section        8  main.o(.data)
    .data                                    0x20000008   Section       20  system_stm32f10x.o(.data)
    .data                                    0x2000001c   Section       20  stm32f10x_rcc.o(.data)
    ADCPrescTable                            0x2000001c   Data           4  stm32f10x_rcc.o(.data)
    APBAHBPrescTable                         0x20000020   Data          16  stm32f10x_rcc.o(.data)
    .data                                    0x20000030   Section       60  tasks.o(.data)
    uxDeletedTasksWaitingCleanUp             0x20000034   Data           4  tasks.o(.data)
    uxCurrentNumberOfTasks                   0x20000038   Data           4  tasks.o(.data)
    xTickCount                               0x2000003c   Data           4  tasks.o(.data)
    uxTopReadyPriority                       0x20000040   Data           4  tasks.o(.data)
    xSchedulerRunning                        0x20000044   Data           4  tasks.o(.data)
    uxPendedTicks                            0x20000048   Data           4  tasks.o(.data)
    xYieldPending                            0x2000004c   Data           4  tasks.o(.data)
    xNumOfOverflows                          0x20000050   Data           4  tasks.o(.data)
    uxTaskNumber                             0x20000054   Data           4  tasks.o(.data)
    xNextTaskUnblockTime                     0x20000058   Data           4  tasks.o(.data)
    xIdleTaskHandle                          0x2000005c   Data           4  tasks.o(.data)
    uxSchedulerSuspended                     0x20000060   Data           4  tasks.o(.data)
    pxDelayedTaskList                        0x20000064   Data           4  tasks.o(.data)
    pxOverflowDelayedTaskList                0x20000068   Data           4  tasks.o(.data)
    .data                                    0x2000006c   Section       20  timers.o(.data)
    xTimerQueue                              0x2000006c   Data           4  timers.o(.data)
    xTimerTaskHandle                         0x20000070   Data           4  timers.o(.data)
    xLastTime                                0x20000074   Data           4  timers.o(.data)
    pxCurrentTimerList                       0x20000078   Data           4  timers.o(.data)
    pxOverflowTimerList                      0x2000007c   Data           4  timers.o(.data)
    .data                                    0x20000080   Section       12  port.o(.data)
    ucMaxSysCallPriority                     0x20000080   Data           1  port.o(.data)
    uxCriticalNesting                        0x20000084   Data           4  port.o(.data)
    ulMaxPRIGROUPValue                       0x20000088   Data           4  port.o(.data)
    .data                                    0x2000008c   Section       24  heap_4.o(.data)
    pxEnd                                    0x2000008c   Data           4  heap_4.o(.data)
    xFreeBytesRemaining                      0x20000090   Data           4  heap_4.o(.data)
    xMinimumEverFreeBytesRemaining           0x20000094   Data           4  heap_4.o(.data)
    xBlockAllocatedBit                       0x20000098   Data           4  heap_4.o(.data)
    xStart                                   0x2000009c   Data           8  heap_4.o(.data)
    .data                                    0x200000a4   Section        4  delay.o(.data)
    fac_us                                   0x200000a4   Data           1  delay.o(.data)
    fac_ms                                   0x200000a6   Data           2  delay.o(.data)
    .data                                    0x200000a8   Section        2  usart.o(.data)
    .data                                    0x200000ac   Section        4  usart.o(.data)
    .data                                    0x200000b0   Section        4  bsp_esp8266.o(.data)
    .bss                                     0x200000b4   Section       64  queue.o(.bss)
    .bss                                     0x200000f4   Section      740  tasks.o(.bss)
    pxReadyTasksLists                        0x200000f4   Data         640  tasks.o(.bss)
    xDelayedTaskList1                        0x20000374   Data          20  tasks.o(.bss)
    xDelayedTaskList2                        0x20000388   Data          20  tasks.o(.bss)
    xPendingReadyList                        0x2000039c   Data          20  tasks.o(.bss)
    xTasksWaitingTermination                 0x200003b0   Data          20  tasks.o(.bss)
    xSuspendedTaskList                       0x200003c4   Data          20  tasks.o(.bss)
    .bss                                     0x200003d8   Section       40  timers.o(.bss)
    xActiveTimerList1                        0x200003d8   Data          20  timers.o(.bss)
    xActiveTimerList2                        0x200003ec   Data          20  timers.o(.bss)
    .bss                                     0x20000400   Section    20480  heap_4.o(.bss)
    ucHeap                                   0x20000400   Data       20480  heap_4.o(.bss)
    .bss                                     0x20005400   Section      200  usart.o(.bss)
    .bss                                     0x200054c8   Section      128  bsp_esp8266.o(.bss)
    .bss                                     0x20005548   Section       96  libspace.o(.bss)
    HEAP                                     0x200055a8   Section      512  startup_stm32f10x_hd.o(HEAP)
    Heap_Mem                                 0x200055a8   Data         512  startup_stm32f10x_hd.o(HEAP)
    STACK                                    0x200057a8   Section     1024  startup_stm32f10x_hd.o(STACK)
    Stack_Mem                                0x200057a8   Data        1024  startup_stm32f10x_hd.o(STACK)
    __initial_sp                             0x20005ba8   Data           0  startup_stm32f10x_hd.o(STACK)

    Global Symbols

    Symbol Name                              Value     Ov Type        Size  Object(Section)

    BuildAttributes$$THM_ISAv4$P$D$K$B$S$PE$A:L22UL41UL21$X:L11$S22US41US21$IEEE1$IW$USESV6$~STKCKD$USESV7$~SHL$OTIME$ROPI$IEEEX$EBA8$UX$STANDARDLIB$REQ8$PRES8$EABIv2 0x00000000   Number         0  anon$$obj.o ABSOLUTE
    __ARM_use_no_argv                        0x00000000   Number         0  main.o ABSOLUTE
    _printf_flags                            0x00000000   Number         0  printf_stubs.o ABSOLUTE
    _printf_return_value                     0x00000000   Number         0  printf_stubs.o ABSOLUTE
    _printf_sizespec                         0x00000000   Number         0  printf_stubs.o ABSOLUTE
    _printf_widthprec                        0x00000000   Number         0  printf_stubs.o ABSOLUTE
    __ARM_exceptions_init                     - Undefined Weak Reference
    __alloca_initialize                       - Undefined Weak Reference
    __arm_fini_                               - Undefined Weak Reference
    __arm_preinit_                            - Undefined Weak Reference
    __cpp_initialize__aeabi_                  - Undefined Weak Reference
    __cxa_finalize                            - Undefined Weak Reference
    __sigvec_lookup                           - Undefined Weak Reference
    __user_heap_extent                        - Undefined Weak Reference
    _atexit_init                              - Undefined Weak Reference
    _call_atexit_fns                          - Undefined Weak Reference
    _clock_init                               - Undefined Weak Reference
    _fp_trap_init                             - Undefined Weak Reference
    _fp_trap_shutdown                         - Undefined Weak Reference
    _get_lc_collate                           - Undefined Weak Reference
    _get_lc_monetary                          - Undefined Weak Reference
    _get_lc_time                              - Undefined Weak Reference
    _getenv_init                              - Undefined Weak Reference
    _handle_redirection                       - Undefined Weak Reference
    _initio                                   - Undefined Weak Reference
    _mutex_acquire                            - Undefined Weak Reference
    _mutex_free                               - Undefined Weak Reference
    _mutex_release                            - Undefined Weak Reference
    _printf_mbtowc                            - Undefined Weak Reference
    _printf_truncate_signed                   - Undefined Weak Reference
    _printf_truncate_unsigned                 - Undefined Weak Reference
    _rand_init                                - Undefined Weak Reference
    _signal_finish                            - Undefined Weak Reference
    _signal_init                              - Undefined Weak Reference
    _terminateio                              - Undefined Weak Reference
    __Vectors_Size                           0x00000130   Number         0  startup_stm32f10x_hd.o ABSOLUTE
    __Vectors                                0x08000000   Data           4  startup_stm32f10x_hd.o(RESET)
    __Vectors_End                            0x08000130   Data           0  startup_stm32f10x_hd.o(RESET)
    __main                                   0x08000131   Thumb Code     8  __main.o(!!!main)
    __scatterload                            0x08000139   Thumb Code     0  __scatter.o(!!!scatter)
    __scatterload_rt2                        0x08000139   Thumb Code    44  __scatter.o(!!!scatter)
    __scatterload_rt2_thumb_only             0x08000139   Thumb Code     0  __scatter.o(!!!scatter)
    __scatterload_null                       0x08000147   Thumb Code     0  __scatter.o(!!!scatter)
    __scatterload_copy                       0x0800016d   Thumb Code    26  __scatter_copy.o(!!handler_copy)
    __scatterload_zeroinit                   0x08000189   Thumb Code    28  __scatter_zi.o(!!handler_zi)
    _printf_d                                0x080001a5   Thumb Code     0  _printf_d.o(.ARM.Collect$$_printf_percent$$00000009)
    _printf_percent                          0x080001a5   Thumb Code     0  _printf_percent.o(.ARM.Collect$$_printf_percent$$00000000)
    _printf_u                                0x080001ab   Thumb Code     0  _printf_u.o(.ARM.Collect$$_printf_percent$$0000000A)
    _printf_c                                0x080001b1   Thumb Code     0  _printf_c.o(.ARM.Collect$$_printf_percent$$00000013)
    _printf_s                                0x080001b7   Thumb Code     0  _printf_s.o(.ARM.Collect$$_printf_percent$$00000014)
    _printf_percent_end                      0x080001bd   Thumb Code     0  _printf_percent_end.o(.ARM.Collect$$_printf_percent$$00000017)
    __rt_lib_init                            0x080001c1   Thumb Code     0  libinit.o(.ARM.Collect$$libinit$$00000000)
    __rt_lib_init_alloca_1                   0x080001c3   Thumb Code     0  libinit2.o(.ARM.Collect$$libinit$$0000002E)
    __rt_lib_init_argv_1                     0x080001c3   Thumb Code     0  libinit2.o(.ARM.Collect$$libinit$$0000002C)
    __rt_lib_init_atexit_1                   0x080001c3   Thumb Code     0  libinit2.o(.ARM.Collect$$libinit$$0000001B)
    __rt_lib_init_clock_1                    0x080001c3   Thumb Code     0  libinit2.o(.ARM.Collect$$libinit$$00000021)
    __rt_lib_init_cpp_1                      0x080001c3   Thumb Code     0  libinit2.o(.ARM.Collect$$libinit$$00000032)
    __rt_lib_init_exceptions_1               0x080001c3   Thumb Code     0  libinit2.o(.ARM.Collect$$libinit$$00000030)
    __rt_lib_init_fp_1                       0x080001c3   Thumb Code     0  libinit2.o(.ARM.Collect$$libinit$$00000002)
    __rt_lib_init_fp_trap_1                  0x080001c3   Thumb Code     0  libinit2.o(.ARM.Collect$$libinit$$0000001F)
    __rt_lib_init_getenv_1                   0x080001c3   Thumb Code     0  libinit2.o(.ARM.Collect$$libinit$$00000023)
    __rt_lib_init_heap_1                     0x080001c3   Thumb Code     0  libinit2.o(.ARM.Collect$$libinit$$0000000A)
    __rt_lib_init_lc_collate_1               0x080001c3   Thumb Code     0  libinit2.o(.ARM.Collect$$libinit$$00000011)
    __rt_lib_init_lc_ctype_1                 0x080001c3   Thumb Code     0  libinit2.o(.ARM.Collect$$libinit$$00000013)
    __rt_lib_init_lc_monetary_1              0x080001c3   Thumb Code     0  libinit2.o(.ARM.Collect$$libinit$$00000015)
    __rt_lib_init_lc_numeric_1               0x080001c3   Thumb Code     0  libinit2.o(.ARM.Collect$$libinit$$00000017)
    __rt_lib_init_lc_time_1                  0x080001c3   Thumb Code     0  libinit2.o(.ARM.Collect$$libinit$$00000019)
    __rt_lib_init_preinit_1                  0x080001c3   Thumb Code     0  libinit2.o(.ARM.Collect$$libinit$$00000004)
    __rt_lib_init_rand_1                     0x080001c3   Thumb Code     0  libinit2.o(.ARM.Collect$$libinit$$0000000E)
    __rt_lib_init_return                     0x080001c3   Thumb Code     0  libinit2.o(.ARM.Collect$$libinit$$00000033)
    __rt_lib_init_signal_1                   0x080001c3   Thumb Code     0  libinit2.o(.ARM.Collect$$libinit$$0000001D)
    __rt_lib_init_stdio_1                    0x080001c3   Thumb Code     0  libinit2.o(.ARM.Collect$$libinit$$00000025)
    __rt_lib_init_user_alloc_1               0x080001c3   Thumb Code     0  libinit2.o(.ARM.Collect$$libinit$$0000000C)
    __rt_lib_shutdown                        0x080001c5   Thumb Code     0  libshutdown.o(.ARM.Collect$$libshutdown$$00000000)
    __rt_lib_shutdown_cpp_1                  0x080001c7   Thumb Code     0  libshutdown2.o(.ARM.Collect$$libshutdown$$00000004)
    __rt_lib_shutdown_fini_1                 0x080001c7   Thumb Code     0  libshutdown2.o(.ARM.Collect$$libshutdown$$00000002)
    __rt_lib_shutdown_fp_trap_1              0x080001c7   Thumb Code     0  libshutdown2.o(.ARM.Collect$$libshutdown$$00000009)
    __rt_lib_shutdown_heap_1                 0x080001c7   Thumb Code     0  libshutdown2.o(.ARM.Collect$$libshutdown$$00000011)
    __rt_lib_shutdown_return                 0x080001c7   Thumb Code     0  libshutdown2.o(.ARM.Collect$$libshutdown$$00000012)
    __rt_lib_shutdown_signal_1               0x080001c7   Thumb Code     0  libshutdown2.o(.ARM.Collect$$libshutdown$$0000000C)
    __rt_lib_shutdown_stdio_1                0x080001c7   Thumb Code     0  libshutdown2.o(.ARM.Collect$$libshutdown$$00000006)
    __rt_lib_shutdown_user_alloc_1           0x080001c7   Thumb Code     0  libshutdown2.o(.ARM.Collect$$libshutdown$$0000000E)
    __rt_entry                               0x080001c9   Thumb Code     0  __rtentry.o(.ARM.Collect$$rtentry$$00000000)
    __rt_entry_presh_1                       0x080001c9   Thumb Code     0  __rtentry2.o(.ARM.Collect$$rtentry$$00000002)
    __rt_entry_sh                            0x080001c9   Thumb Code     0  __rtentry4.o(.ARM.Collect$$rtentry$$00000004)
    __rt_entry_li                            0x080001cf   Thumb Code     0  __rtentry2.o(.ARM.Collect$$rtentry$$0000000A)
    __rt_entry_postsh_1                      0x080001cf   Thumb Code     0  __rtentry2.o(.ARM.Collect$$rtentry$$00000009)
    __rt_entry_main                          0x080001d3   Thumb Code     0  __rtentry2.o(.ARM.Collect$$rtentry$$0000000D)
    __rt_entry_postli_1                      0x080001d3   Thumb Code     0  __rtentry2.o(.ARM.Collect$$rtentry$$0000000C)
    __rt_exit                                0x080001db   Thumb Code     0  rtexit.o(.ARM.Collect$$rtexit$$00000000)
    __rt_exit_ls                             0x080001dd   Thumb Code     0  rtexit2.o(.ARM.Collect$$rtexit$$00000003)
    __rt_exit_prels_1                        0x080001dd   Thumb Code     0  rtexit2.o(.ARM.Collect$$rtexit$$00000002)
    __rt_exit_exit                           0x080001e1   Thumb Code     0  rtexit2.o(.ARM.Collect$$rtexit$$00000004)
    SVC_Handler                              0x080001e9   Thumb Code    32  port.o(.emb_text)
    __asm___6_port_c_39a90d8d__prvStartFirstTask 0x0800020d   Thumb Code    28  port.o(.emb_text)
    PendSV_Handler                           0x0800022d   Thumb Code    72  port.o(.emb_text)
    vPortGetIPSR                             0x08000279   Thumb Code     6  port.o(.emb_text)
    led0_task                                0x08000281   Thumb Code    28  main.o(.text)
    app_task                                 0x0800029d   Thumb Code    46  main.o(.text)
    main                                     0x080002cb   Thumb Code    70  main.o(.text)
    NMI_Handler                              0x08000331   Thumb Code     2  stm32f10x_it.o(.text)
    HardFault_Handler                        0x08000333   Thumb Code     2  stm32f10x_it.o(.text)
    MemManage_Handler                        0x08000335   Thumb Code     2  stm32f10x_it.o(.text)
    BusFault_Handler                         0x08000337   Thumb Code     2  stm32f10x_it.o(.text)
    UsageFault_Handler                       0x08000339   Thumb Code     2  stm32f10x_it.o(.text)
    DebugMon_Handler                         0x0800033b   Thumb Code     2  stm32f10x_it.o(.text)
    SystemInit                               0x080003dd   Thumb Code    64  system_stm32f10x.o(.text)
    SystemCoreClockUpdate                    0x0800041d   Thumb Code    86  system_stm32f10x.o(.text)
    Reset_Handler                            0x08000495   Thumb Code     8  startup_stm32f10x_hd.o(.text)
    ADC1_2_IRQHandler                        0x080004af   Thumb Code     0  startup_stm32f10x_hd.o(.text)
    ADC3_IRQHandler                          0x080004af   Thumb Code     0  startup_stm32f10x_hd.o(.text)
    CAN1_RX1_IRQHandler                      0x080004af   Thumb Code     0  startup_stm32f10x_hd.o(.text)
    CAN1_SCE_IRQHandler                      0x080004af   Thumb Code     0  startup_stm32f10x_hd.o(.text)
    DMA1_Channel1_IRQHandler                 0x080004af   Thumb Code     0  startup_stm32f10x_hd.o(.text)
    DMA1_Channel2_IRQHandler                 0x080004af   Thumb Code     0  startup_stm32f10x_hd.o(.text)
    DMA1_Channel3_IRQHandler                 0x080004af   Thumb Code     0  startup_stm32f10x_hd.o(.text)
    DMA1_Channel4_IRQHandler                 0x080004af   Thumb Code     0  startup_stm32f10x_hd.o(.text)
    DMA1_Channel5_IRQHandler                 0x080004af   Thumb Code     0  startup_stm32f10x_hd.o(.text)
    DMA1_Channel6_IRQHandler                 0x080004af   Thumb Code     0  startup_stm32f10x_hd.o(.text)
    DMA1_Channel7_IRQHandler                 0x080004af   Thumb Code     0  startup_stm32f10x_hd.o(.text)
    DMA2_Channel1_IRQHandler                 0x080004af   Thumb Code     0  startup_stm32f10x_hd.o(.text)
    DMA2_Channel2_IRQHandler                 0x080004af   Thumb Code     0  startup_stm32f10x_hd.o(.text)
    DMA2_Channel3_IRQHandler                 0x080004af   Thumb Code     0  startup_stm32f10x_hd.o(.text)
    DMA2_Channel4_5_IRQHandler               0x080004af   Thumb Code     0  startup_stm32f10x_hd.o(.text)
    EXTI0_IRQHandler                         0x080004af   Thumb Code     0  startup_stm32f10x_hd.o(.text)
    EXTI15_10_IRQHandler                     0x080004af   Thumb Code     0  startup_stm32f10x_hd.o(.text)
    EXTI1_IRQHandler                         0x080004af   Thumb Code     0  startup_stm32f10x_hd.o(.text)
    EXTI2_IRQHandler                         0x080004af   Thumb Code     0  startup_stm32f10x_hd.o(.text)
    EXTI3_IRQHandler                         0x080004af   Thumb Code     0  startup_stm32f10x_hd.o(.text)
    EXTI4_IRQHandler                         0x080004af   Thumb Code     0  startup_stm32f10x_hd.o(.text)
    EXTI9_5_IRQHandler                       0x080004af   Thumb Code     0  startup_stm32f10x_hd.o(.text)
    FLASH_IRQHandler                         0x080004af   Thumb Code     0  startup_stm32f10x_hd.o(.text)
    FSMC_IRQHandler                          0x080004af   Thumb Code     0  startup_stm32f10x_hd.o(.text)
    I2C1_ER_IRQHandler                       0x080004af   Thumb Code     0  startup_stm32f10x_hd.o(.text)
    I2C1_EV_IRQHandler                       0x080004af   Thumb Code     0  startup_stm32f10x_hd.o(.text)
    I2C2_ER_IRQHandler                       0x080004af   Thumb Code     0  startup_stm32f10x_hd.o(.text)
    I2C2_EV_IRQHandler                       0x080004af   Thumb Code     0  startup_stm32f10x_hd.o(.text)
    PVD_IRQHandler                           0x080004af   Thumb Code     0  startup_stm32f10x_hd.o(.text)
    RCC_IRQHandler                           0x080004af   Thumb Code     0  startup_stm32f10x_hd.o(.text)
    RTCAlarm_IRQHandler                      0x080004af   Thumb Code     0  startup_stm32f10x_hd.o(.text)
    RTC_IRQHandler                           0x080004af   Thumb Code     0  startup_stm32f10x_hd.o(.text)
    SDIO_IRQHandler                          0x080004af   Thumb Code     0  startup_stm32f10x_hd.o(.text)
    SPI1_IRQHandler                          0x080004af   Thumb Code     0  startup_stm32f10x_hd.o(.text)
    SPI2_IRQHandler                          0x080004af   Thumb Code     0  startup_stm32f10x_hd.o(.text)
    SPI3_IRQHandler                          0x080004af   Thumb Code     0  startup_stm32f10x_hd.o(.text)
    TAMPER_IRQHandler                        0x080004af   Thumb Code     0  startup_stm32f10x_hd.o(.text)
    TIM1_BRK_IRQHandler                      0x080004af   Thumb Code     0  startup_stm32f10x_hd.o(.text)
    TIM1_CC_IRQHandler                       0x080004af   Thumb Code     0  startup_stm32f10x_hd.o(.text)
    TIM1_TRG_COM_IRQHandler                  0x080004af   Thumb Code     0  startup_stm32f10x_hd.o(.text)
    TIM1_UP_IRQHandler                       0x080004af   Thumb Code     0  startup_stm32f10x_hd.o(.text)
    TIM2_IRQHandler                          0x080004af   Thumb Code     0  startup_stm32f10x_hd.o(.text)
    TIM3_IRQHandler                          0x080004af   Thumb Code     0  startup_stm32f10x_hd.o(.text)
    TIM4_IRQHandler                          0x080004af   Thumb Code     0  startup_stm32f10x_hd.o(.text)
    TIM5_IRQHandler                          0x080004af   Thumb Code     0  startup_stm32f10x_hd.o(.text)
    TIM6_IRQHandler                          0x080004af   Thumb Code     0  startup_stm32f10x_hd.o(.text)
    TIM7_IRQHandler                          0x080004af   Thumb Code     0  startup_stm32f10x_hd.o(.text)
    TIM8_BRK_IRQHandler                      0x080004af   Thumb Code     0  startup_stm32f10x_hd.o(.text)
    TIM8_CC_IRQHandler                       0x080004af   Thumb Code     0  startup_stm32f10x_hd.o(.text)
    TIM8_TRG_COM_IRQHandler                  0x080004af   Thumb Code     0  startup_stm32f10x_hd.o(.text)
    TIM8_UP_IRQHandler                       0x080004af   Thumb Code     0  startup_stm32f10x_hd.o(.text)
    UART4_IRQHandler                         0x080004af   Thumb Code     0  startup_stm32f10x_hd.o(.text)
    UART5_IRQHandler                         0x080004af   Thumb Code     0  startup_stm32f10x_hd.o(.text)
    USART3_IRQHandler                        0x080004af   Thumb Code     0  startup_stm32f10x_hd.o(.text)
    USBWakeUp_IRQHandler                     0x080004af   Thumb Code     0  startup_stm32f10x_hd.o(.text)
    USB_HP_CAN1_TX_IRQHandler                0x080004af   Thumb Code     0  startup_stm32f10x_hd.o(.text)
    USB_LP_CAN1_RX0_IRQHandler               0x080004af   Thumb Code     0  startup_stm32f10x_hd.o(.text)
    WWDG_IRQHandler                          0x080004af   Thumb Code     0  startup_stm32f10x_hd.o(.text)
    __user_initial_stackheap                 0x080004b1   Thumb Code     0  startup_stm32f10x_hd.o(.text)
    NVIC_PriorityGroupConfig                 0x080004d5   Thumb Code    10  misc.o(.text)
    NVIC_Init                                0x080004df   Thumb Code    94  misc.o(.text)
    NVIC_SetVectorTable                      0x0800053d   Thumb Code    14  misc.o(.text)
    NVIC_SystemLPConfig                      0x0800054b   Thumb Code    20  misc.o(.text)
    SysTick_CLKSourceConfig                  0x0800055f   Thumb Code    24  misc.o(.text)
    GPIO_DeInit                              0x08000585   Thumb Code   152  stm32f10x_gpio.o(.text)
    GPIO_AFIODeInit                          0x0800061d   Thumb Code    22  stm32f10x_gpio.o(.text)
    GPIO_Init                                0x08000633   Thumb Code   156  stm32f10x_gpio.o(.text)
    GPIO_StructInit                          0x080006cf   Thumb Code    16  stm32f10x_gpio.o(.text)
    GPIO_ReadInputDataBit                    0x080006df   Thumb Code    14  stm32f10x_gpio.o(.text)
    GPIO_ReadInputData                       0x080006ed   Thumb Code     6  stm32f10x_gpio.o(.text)
    GPIO_ReadOutputDataBit                   0x080006f3   Thumb Code    14  stm32f10x_gpio.o(.text)
    GPIO_ReadOutputData                      0x08000701   Thumb Code     6  stm32f10x_gpio.o(.text)
    GPIO_SetBits                             0x08000707   Thumb Code     4  stm32f10x_gpio.o(.text)
    GPIO_ResetBits                           0x0800070b   Thumb Code     4  stm32f10x_gpio.o(.text)
    GPIO_WriteBit                            0x0800070f   Thumb Code    10  stm32f10x_gpio.o(.text)
    GPIO_Write                               0x08000719   Thumb Code     4  stm32f10x_gpio.o(.text)
    GPIO_PinLockConfig                       0x0800071d   Thumb Code    16  stm32f10x_gpio.o(.text)
    GPIO_EventOutputConfig                   0x0800072d   Thumb Code    22  stm32f10x_gpio.o(.text)
    GPIO_EventOutputCmd                      0x08000743   Thumb Code     6  stm32f10x_gpio.o(.text)
    GPIO_PinRemapConfig                      0x08000749   Thumb Code    82  stm32f10x_gpio.o(.text)
    GPIO_EXTILineConfig                      0x0800079b   Thumb Code    34  stm32f10x_gpio.o(.text)
    GPIO_ETH_MediaInterfaceConfig            0x080007bd   Thumb Code     8  stm32f10x_gpio.o(.text)
    RCC_DeInit                               0x080007e9   Thumb Code    50  stm32f10x_rcc.o(.text)
    RCC_HSEConfig                            0x0800081b   Thumb Code    48  stm32f10x_rcc.o(.text)
    RCC_GetFlagStatus                        0x0800084b   Thumb Code    42  stm32f10x_rcc.o(.text)
    RCC_WaitForHSEStartUp                    0x08000875   Thumb Code    44  stm32f10x_rcc.o(.text)
    RCC_AdjustHSICalibrationValue            0x080008a1   Thumb Code    16  stm32f10x_rcc.o(.text)
    RCC_HSICmd                               0x080008b1   Thumb Code     6  stm32f10x_rcc.o(.text)
    RCC_PLLConfig                            0x080008b7   Thumb Code    16  stm32f10x_rcc.o(.text)
    RCC_PLLCmd                               0x080008c7   Thumb Code     6  stm32f10x_rcc.o(.text)
    RCC_SYSCLKConfig                         0x080008cd   Thumb Code    14  stm32f10x_rcc.o(.text)
    RCC_GetSYSCLKSource                      0x080008db   Thumb Code    10  stm32f10x_rcc.o(.text)
    RCC_HCLKConfig                           0x080008e5   Thumb Code    14  stm32f10x_rcc.o(.text)
    RCC_PCLK1Config                          0x080008f3   Thumb Code    14  stm32f10x_rcc.o(.text)
    RCC_PCLK2Config                          0x08000901   Thumb Code    16  stm32f10x_rcc.o(.text)
    RCC_ITConfig                             0x08000911   Thumb Code    18  stm32f10x_rcc.o(.text)
    RCC_USBCLKConfig                         0x08000923   Thumb Code     8  stm32f10x_rcc.o(.text)
    RCC_ADCCLKConfig                         0x0800092b   Thumb Code    14  stm32f10x_rcc.o(.text)
    RCC_LSEConfig                            0x08000939   Thumb Code    28  stm32f10x_rcc.o(.text)
    RCC_LSICmd                               0x08000955   Thumb Code     6  stm32f10x_rcc.o(.text)
    RCC_RTCCLKConfig                         0x0800095b   Thumb Code    10  stm32f10x_rcc.o(.text)
    RCC_RTCCLKCmd                            0x08000965   Thumb Code     8  stm32f10x_rcc.o(.text)
    RCC_GetClocksFreq                        0x0800096d   Thumb Code   132  stm32f10x_rcc.o(.text)
    RCC_AHBPeriphClockCmd                    0x080009f1   Thumb Code    18  stm32f10x_rcc.o(.text)
    RCC_APB2PeriphClockCmd                   0x08000a03   Thumb Code    18  stm32f10x_rcc.o(.text)
    RCC_APB1PeriphClockCmd                   0x08000a15   Thumb Code    18  stm32f10x_rcc.o(.text)
    RCC_APB2PeriphResetCmd                   0x08000a27   Thumb Code    18  stm32f10x_rcc.o(.text)
    RCC_APB1PeriphResetCmd                   0x08000a39   Thumb Code    18  stm32f10x_rcc.o(.text)
    RCC_BackupResetCmd                       0x08000a4b   Thumb Code     8  stm32f10x_rcc.o(.text)
    RCC_ClockSecuritySystemCmd               0x08000a53   Thumb Code     6  stm32f10x_rcc.o(.text)
    RCC_MCOConfig                            0x08000a59   Thumb Code     6  stm32f10x_rcc.o(.text)
    RCC_ClearFlag                            0x08000a5f   Thumb Code    12  stm32f10x_rcc.o(.text)
    RCC_GetITStatus                          0x08000a6b   Thumb Code    16  stm32f10x_rcc.o(.text)
    RCC_ClearITPendingBit                    0x08000a7b   Thumb Code     6  stm32f10x_rcc.o(.text)
    USART_DeInit                             0x08000aa1   Thumb Code    96  stm32f10x_usart.o(.text)
    USART_Init                               0x08000b01   Thumb Code   166  stm32f10x_usart.o(.text)
    USART_StructInit                         0x08000ba7   Thumb Code    22  stm32f10x_usart.o(.text)
    USART_ClockInit                          0x08000bbd   Thumb Code    30  stm32f10x_usart.o(.text)
    USART_ClockStructInit                    0x08000bdb   Thumb Code    12  stm32f10x_usart.o(.text)
    USART_Cmd                                0x08000be7   Thumb Code    20  stm32f10x_usart.o(.text)
    USART_ITConfig                           0x08000bfb   Thumb Code    48  stm32f10x_usart.o(.text)
    USART_DMACmd                             0x08000c2b   Thumb Code    16  stm32f10x_usart.o(.text)
    USART_SetAddress                         0x08000c3b   Thumb Code    16  stm32f10x_usart.o(.text)
    USART_WakeUpConfig                       0x08000c4b   Thumb Code    16  stm32f10x_usart.o(.text)
    USART_ReceiverWakeUpCmd                  0x08000c5b   Thumb Code    20  stm32f10x_usart.o(.text)
    USART_LINBreakDetectLengthConfig         0x08000c6f   Thumb Code    16  stm32f10x_usart.o(.text)
    USART_LINCmd                             0x08000c7f   Thumb Code    20  stm32f10x_usart.o(.text)
    USART_SendData                           0x08000c93   Thumb Code     8  stm32f10x_usart.o(.text)
    USART_ReceiveData                        0x08000c9b   Thumb Code     8  stm32f10x_usart.o(.text)
    USART_SendBreak                          0x08000ca3   Thumb Code    10  stm32f10x_usart.o(.text)
    USART_SetGuardTime                       0x08000cad   Thumb Code    16  stm32f10x_usart.o(.text)
    USART_SetPrescaler                       0x08000cbd   Thumb Code    16  stm32f10x_usart.o(.text)
    USART_SmartCardCmd                       0x08000ccd   Thumb Code    20  stm32f10x_usart.o(.text)
    USART_SmartCardNACKCmd                   0x08000ce1   Thumb Code    20  stm32f10x_usart.o(.text)
    USART_HalfDuplexCmd                      0x08000cf5   Thumb Code    20  stm32f10x_usart.o(.text)
    USART_OverSampling8Cmd                   0x08000d09   Thumb Code    20  stm32f10x_usart.o(.text)
    USART_OneBitMethodCmd                    0x08000d1d   Thumb Code    20  stm32f10x_usart.o(.text)
    USART_IrDAConfig                         0x08000d31   Thumb Code    16  stm32f10x_usart.o(.text)
    USART_IrDACmd                            0x08000d41   Thumb Code    20  stm32f10x_usart.o(.text)
    USART_GetFlagStatus                      0x08000d55   Thumb Code    14  stm32f10x_usart.o(.text)
    USART_ClearFlag                          0x08000d63   Thumb Code     6  stm32f10x_usart.o(.text)
    USART_GetITStatus                        0x08000d69   Thumb Code    62  stm32f10x_usart.o(.text)
    USART_ClearITPendingBit                  0x08000da7   Thumb Code    12  stm32f10x_usart.o(.text)
    vListInitialise                          0x08000dc9   Thumb Code    22  list.o(.text)
    vListInitialiseItem                      0x08000ddf   Thumb Code     6  list.o(.text)
    vListInsertEnd                           0x08000de5   Thumb Code    24  list.o(.text)
    vListInsert                              0x08000dfd   Thumb Code    48  list.o(.text)
    uxListRemove                             0x08000e2d   Thumb Code    36  list.o(.text)
    xQueueGenericReset                       0x08000e51   Thumb Code   128  queue.o(.text)
    xQueueGenericCreate                      0x08000ed1   Thumb Code    82  queue.o(.text)
    xQueueGenericSend                        0x08001071   Thumb Code   350  queue.o(.text)
    xQueueCreateMutex                        0x080011cf   Thumb Code    36  queue.o(.text)
    xQueueGiveMutexRecursive                 0x080011f3   Thumb Code    98  queue.o(.text)
    xQueueGenericReceive                     0x0800127b   Thumb Code   356  queue.o(.text)
    xQueueTakeMutexRecursive                 0x080013df   Thumb Code    68  queue.o(.text)
    xQueueCreateCountingSemaphore            0x08001423   Thumb Code    62  queue.o(.text)
    xQueueGenericSendFromISR                 0x08001461   Thumb Code   200  queue.o(.text)
    xQueueGiveFromISR                        0x08001529   Thumb Code   172  queue.o(.text)
    xQueueReceiveFromISR                     0x080015d5   Thumb Code   150  queue.o(.text)
    xQueuePeekFromISR                        0x0800166b   Thumb Code   114  queue.o(.text)
    uxQueueMessagesWaiting                   0x080016dd   Thumb Code    36  queue.o(.text)
    uxQueueSpacesAvailable                   0x08001701   Thumb Code    40  queue.o(.text)
    uxQueueMessagesWaitingFromISR            0x08001729   Thumb Code    26  queue.o(.text)
    vQueueUnregisterQueue                    0x08001743   Thumb Code    36  queue.o(.text)
    vQueueDelete                             0x08001767   Thumb Code    38  queue.o(.text)
    uxQueueGetQueueNumber                    0x0800178d   Thumb Code     4  queue.o(.text)
    vQueueSetQueueNumber                     0x08001791   Thumb Code     4  queue.o(.text)
    ucQueueGetQueueType                      0x08001795   Thumb Code     6  queue.o(.text)
    xQueueIsQueueEmptyFromISR                0x0800179b   Thumb Code    34  queue.o(.text)
    xQueueIsQueueFullFromISR                 0x080017bd   Thumb Code    38  queue.o(.text)
    vQueueAddToRegistry                      0x080017e3   Thumb Code    32  queue.o(.text)
    pcQueueGetName                           0x08001803   Thumb Code    34  queue.o(.text)
    vQueueWaitForMessageRestricted           0x08001825   Thumb Code    68  queue.o(.text)
    xQueueCreateSet                          0x08001869   Thumb Code     8  queue.o(.text)
    xQueueAddToSet                           0x08001871   Thumb Code    34  queue.o(.text)
    xQueueRemoveFromSet                      0x08001893   Thumb Code    34  queue.o(.text)
    xQueueSelectFromSet                      0x080018b5   Thumb Code    18  queue.o(.text)
    xQueueSelectFromSetFromISR               0x080018c7   Thumb Code    18  queue.o(.text)
    xTaskCreate                              0x080019bd   Thumb Code    86  tasks.o(.text)
    vTaskDelete                              0x08001a13   Thumb Code   154  tasks.o(.text)
    xTaskIncrementTick                       0x08001aad   Thumb Code   186  tasks.o(.text)
    xTaskResumeAll                           0x08001b67   Thumb Code   182  tasks.o(.text)
    vTaskSuspendAll                          0x08001c83   Thumb Code    10  tasks.o(.text)
    vTaskDelayUntil                          0x08001c8d   Thumb Code   180  tasks.o(.text)
    vTaskDelay                               0x08001d41   Thumb Code    66  tasks.o(.text)
    eTaskGetState                            0x08001d83   Thumb Code    94  tasks.o(.text)
    uxTaskPriorityGet                        0x08001de1   Thumb Code    24  tasks.o(.text)
    uxTaskPriorityGetFromISR                 0x08001df9   Thumb Code    40  tasks.o(.text)
    vTaskPrioritySet                         0x08001e21   Thumb Code   184  tasks.o(.text)
    vTaskSwitchContext                       0x08001ed9   Thumb Code    84  tasks.o(.text)
    vTaskSuspend                             0x08001f2d   Thumb Code   156  tasks.o(.text)
    vTaskResume                              0x08001ff9   Thumb Code   116  tasks.o(.text)
    xTaskResumeFromISR                       0x0800206d   Thumb Code   126  tasks.o(.text)
    vTaskStartScheduler                      0x08002109   Thumb Code   130  tasks.o(.text)
    vTaskEndScheduler                        0x0800218b   Thumb Code    24  tasks.o(.text)
    xTaskGetTickCount                        0x080021a3   Thumb Code     6  tasks.o(.text)
    xTaskGetTickCountFromISR                 0x080021a9   Thumb Code    12  tasks.o(.text)
    uxTaskGetNumberOfTasks                   0x080021b5   Thumb Code     6  tasks.o(.text)
    pcTaskGetName                            0x080021bb   Thumb Code    38  tasks.o(.text)
    vTaskGetInfo                             0x080021e1   Thumb Code   126  tasks.o(.text)
    uxTaskGetSystemState                     0x080022b3   Thumb Code   156  tasks.o(.text)
    vTaskPlaceOnEventList                    0x0800234f   Thumb Code    46  tasks.o(.text)
    vTaskPlaceOnUnorderedEventList           0x0800237d   Thumb Code    78  tasks.o(.text)
    vTaskPlaceOnEventListRestricted          0x080023cb   Thumb Code    54  tasks.o(.text)
    xTaskRemoveFromEventList                 0x08002401   Thumb Code   106  tasks.o(.text)
    xTaskRemoveFromUnorderedEventList        0x0800246b   Thumb Code   116  tasks.o(.text)
    vTaskSetTimeOutState                     0x080024df   Thumb Code    34  tasks.o(.text)
    xTaskCheckForTimeOut                     0x08002501   Thumb Code   114  tasks.o(.text)
    vTaskMissedYield                         0x08002573   Thumb Code     8  tasks.o(.text)
    uxTaskGetTaskNumber                      0x0800257b   Thumb Code     8  tasks.o(.text)
    vTaskSetTaskNumber                       0x08002583   Thumb Code     8  tasks.o(.text)
    xTaskGetCurrentTaskHandle                0x0800258b   Thumb Code     6  tasks.o(.text)
    xTaskGetSchedulerState                   0x08002591   Thumb Code    22  tasks.o(.text)
    vTaskPriorityInherit                     0x080025a7   Thumb Code   124  tasks.o(.text)
    xTaskPriorityDisinherit                  0x08002623   Thumb Code   144  tasks.o(.text)
    vTaskList                                0x080026b3   Thumb Code   188  tasks.o(.text)
    uxTaskResetEventItemValue                0x0800276f   Thumb Code    20  tasks.o(.text)
    pvTaskIncrementMutexHeldCount            0x08002783   Thumb Code    18  tasks.o(.text)
    ulTaskNotifyTake                         0x08002795   Thumb Code    96  tasks.o(.text)
    xTaskNotifyWait                          0x080027f5   Thumb Code   128  tasks.o(.text)
    xTaskGenericNotify                       0x08002875   Thumb Code   190  tasks.o(.text)
    xTaskGenericNotifyFromISR                0x08002933   Thumb Code   256  tasks.o(.text)
    vTaskNotifyGiveFromISR                   0x08002a33   Thumb Code   168  tasks.o(.text)
    xTaskNotifyStateClear                    0x08002adb   Thumb Code    44  tasks.o(.text)
    xTimerGenericCommand                     0x08002c7d   Thumb Code    98  timers.o(.text)
    xTimerCreateTimerTask                    0x08002e03   Thumb Code    58  timers.o(.text)
    xTimerCreate                             0x08002e3d   Thumb Code    72  timers.o(.text)
    xTimerGetTimerDaemonTaskHandle           0x08002e85   Thumb Code    24  timers.o(.text)
    xTimerGetPeriod                          0x08002e9d   Thumb Code    22  timers.o(.text)
    xTimerGetExpiryTime                      0x08002eb3   Thumb Code    22  timers.o(.text)
    pcTimerGetName                           0x08002ec9   Thumb Code    22  timers.o(.text)
    xTimerIsTimerActive                      0x08002edf   Thumb Code    40  timers.o(.text)
    pvTimerGetTimerID                        0x08002f07   Thumb Code    32  timers.o(.text)
    vTimerSetTimerID                         0x08002f27   Thumb Code    34  timers.o(.text)
    xTimerPendFunctionCallFromISR            0x08002f49   Thumb Code    34  timers.o(.text)
    xTimerPendFunctionCall                   0x08002f6b   Thumb Code    60  timers.o(.text)
    pxPortInitialiseStack                    0x08003183   Thumb Code    32  port.o(.text)
    vPortSetupTimerInterrupt                 0x080031a3   Thumb Code    26  port.o(.text)
    xPortStartScheduler                      0x080031bd   Thumb Code   108  port.o(.text)
    vPortEndScheduler                        0x08003229   Thumb Code    24  port.o(.text)
    vPortEnterCritical                       0x08003241   Thumb Code    52  port.o(.text)
    vPortExitCritical                        0x08003275   Thumb Code    34  port.o(.text)
    xPortSysTickHandler                      0x08003297   Thumb Code    40  port.o(.text)
    vPortValidateInterruptPriority           0x080032bf   Thumb Code    72  port.o(.text)
    pvPortMalloc                             0x080033a1   Thumb Code   214  heap_4.o(.text)
    vPortFree                                0x08003477   Thumb Code    96  heap_4.o(.text)
    xPortGetFreeHeapSize                     0x080034d7   Thumb Code     8  heap_4.o(.text)
    xPortGetMinimumEverFreeHeapSize          0x080034df   Thumb Code     8  heap_4.o(.text)
    vPortInitialiseBlocks                    0x080034e7   Thumb Code     2  heap_4.o(.text)
    SysTick_Handler                          0x0800356d   Thumb Code    20  delay.o(.text)
    delay_init                               0x08003581   Thumb Code    60  delay.o(.text)
    delay_us                                 0x080035bd   Thumb Code    48  delay.o(.text)
    delay_ms                                 0x080035ed   Thumb Code    50  delay.o(.text)
    delay_xms                                0x0800361f   Thumb Code    26  delay.o(.text)
    _sys_exit                                0x08003645   Thumb Code     2  usart.o(.text)
    fputc                                    0x08003647   Thumb Code    18  usart.o(.text)
    uart_init                                0x08003659   Thumb Code   152  usart.o(.text)
    USART1_IRQHandler                        0x080036f1   Thumb Code    88  usart.o(.text)
    LED_GPIO_Config                          0x08003759   Thumb Code    92  bsp_led.o(.text)
    ESP8266_Clear                            0x080037b9   Thumb Code    18  bsp_esp8266.o(.text)
    ESP8266_WaitRecive                       0x080037cb   Thumb Code    26  bsp_esp8266.o(.text)
    Usart2_SendString                        0x080037e5   Thumb Code    48  bsp_esp8266.o(.text)
    ESP8266_SendCmd                          0x08003815   Thumb Code    62  bsp_esp8266.o(.text)
    ESP8266_SendData                         0x08003853   Thumb Code    48  bsp_esp8266.o(.text)
    ESP8266_GetIPD                           0x08003883   Thumb Code    50  bsp_esp8266.o(.text)
    ESP8266_Init                             0x080038b5   Thumb Code   226  bsp_esp8266.o(.text)
    Usart2_Init                              0x08003997   Thumb Code   158  bsp_esp8266.o(.text)
    USART2_IRQHandler                        0x08003a35   Thumb Code    60  bsp_esp8266.o(.text)
    __use_no_semihosting                     0x08003b75   Thumb Code     2  use_no_semi_2.o(.text)
    __2printf                                0x08003b79   Thumb Code    20  noretval__2printf.o(.text)
    __2sprintf                               0x08003b91   Thumb Code    34  noretval__2sprintf.o(.text)
    _printf_str                              0x08003bb9   Thumb Code    82  _printf_str.o(.text)
    _printf_int_dec                          0x08003c0d   Thumb Code   104  _printf_dec.o(.text)
    __printf                                 0x08003c85   Thumb Code   308  __printf_flags_wp.o(.text)
    strchr                                   0x08003dbd   Thumb Code    20  strchr.o(.text)
    strstr                                   0x08003dd1   Thumb Code    36  strstr.o(.text)
    strcpy                                   0x08003df5   Thumb Code    72  strcpy.o(.text)
    strlen                                   0x08003e3d   Thumb Code    62  strlen.o(.text)
    __aeabi_memcpy                           0x08003e7b   Thumb Code     0  rt_memcpy_v6.o(.text)
    __rt_memcpy                              0x08003e7b   Thumb Code   138  rt_memcpy_v6.o(.text)
    _memcpy_lastbytes                        0x08003ee1   Thumb Code     0  rt_memcpy_v6.o(.text)
    __aeabi_memcpy4                          0x08003f05   Thumb Code     0  rt_memcpy_w.o(.text)
    __aeabi_memcpy8                          0x08003f05   Thumb Code     0  rt_memcpy_w.o(.text)
    __rt_memcpy_w                            0x08003f05   Thumb Code   100  rt_memcpy_w.o(.text)
    _memcpy_lastbytes_aligned                0x08003f4d   Thumb Code     0  rt_memcpy_w.o(.text)
    __aeabi_memset                           0x08003f69   Thumb Code    16  aeabi_memset.o(.text)
    __aeabi_memclr                           0x08003f79   Thumb Code     0  rt_memclr.o(.text)
    __rt_memclr                              0x08003f79   Thumb Code    68  rt_memclr.o(.text)
    _memset                                  0x08003f7d   Thumb Code     0  rt_memclr.o(.text)
    __aeabi_memclr4                          0x08003fbd   Thumb Code     0  rt_memclr_w.o(.text)
    __aeabi_memclr8                          0x08003fbd   Thumb Code     0  rt_memclr_w.o(.text)
    __rt_memclr_w                            0x08003fbd   Thumb Code    78  rt_memclr_w.o(.text)
    _memset_w                                0x08003fc1   Thumb Code     0  rt_memclr_w.o(.text)
    __use_two_region_memory                  0x0800400b   Thumb Code     2  heapauxi.o(.text)
    __rt_heap_escrow                         0x0800400d   Thumb Code     2  heapauxi.o(.text)
    __rt_heap_expand                         0x0800400f   Thumb Code     2  heapauxi.o(.text)
    __I$use$semihosting                      0x08004011   Thumb Code     0  use_no_semi.o(.text)
    __use_no_semihosting_swi                 0x08004011   Thumb Code     2  use_no_semi.o(.text)
    _printf_int_common                       0x08004013   Thumb Code   178  _printf_intcommon.o(.text)
    _printf_char_common                      0x080040cf   Thumb Code    32  _printf_char_common.o(.text)
    _sputc                                   0x080040f5   Thumb Code    10  _sputc.o(.text)
    _printf_cs_common                        0x080040ff   Thumb Code    20  _printf_char.o(.text)
    _printf_char                             0x08004113   Thumb Code    16  _printf_char.o(.text)
    _printf_string                           0x08004123   Thumb Code     8  _printf_char.o(.text)
    _printf_char_file                        0x0800412d   Thumb Code    32  _printf_char_file.o(.text)
    __user_libspace                          0x08004151   Thumb Code     8  libspace.o(.text)
    __user_perproc_libspace                  0x08004151   Thumb Code     0  libspace.o(.text)
    __user_perthread_libspace                0x08004151   Thumb Code     0  libspace.o(.text)
    ferror                                   0x08004159   Thumb Code     8  ferror.o(.text)
    __user_setup_stackheap                   0x08004161   Thumb Code    74  sys_stackheap_outer.o(.text)
    exit                                     0x080041ab   Thumb Code    18  exit.o(.text)
    _is_digit                                0x080041bd   Thumb Code    14  __printf_wp.o(i._is_digit)
    Region$$Table$$Base                      0x080041dc   Number         0  anon$$obj.o(Region$$Table)
    Region$$Table$$Limit                     0x080041fc   Number         0  anon$$obj.o(Region$$Table)
    APPTask_Handler                          0x20000000   Data           4  main.o(.data)
    LED0Task_Handler                         0x20000004   Data           4  main.o(.data)
    SystemCoreClock                          0x20000008   Data           4  system_stm32f10x.o(.data)
    AHBPrescTable                            0x2000000c   Data          16  system_stm32f10x.o(.data)
    pxCurrentTCB                             0x20000030   Data           4  tasks.o(.data)
    USART_RX_STA                             0x200000a8   Data           2  usart.o(.data)
    __stdout                                 0x200000ac   Data           4  usart.o(.data)
    esp8266_cnt                              0x200000b0   Data           2  bsp_esp8266.o(.data)
    esp8266_cntPre                           0x200000b2   Data           2  bsp_esp8266.o(.data)
    xQueueRegistry                           0x200000b4   Data          64  queue.o(.bss)
    USART_RX_BUF                             0x20005400   Data         200  usart.o(.bss)
    esp8266_buf                              0x200054c8   Data         128  bsp_esp8266.o(.bss)
    __libspace_start                         0x20005548   Data          96  libspace.o(.bss)
    __temporary_stack_top$libspace           0x200055a8   Data           0  libspace.o(.bss)



==============================================================================

Memory Map of the image

  Image Entry point : 0x08000131

  Load Region LR_IROM1 (Base: 0x08000000, Size: 0x000042b0, Max: 0x00080000, ABSOLUTE)

    Execution Region ER_IROM1 (Exec base: 0x08000000, Load base: 0x08000000, Size: 0x000041fc, Max: 0x00080000, ABSOLUTE)

    Exec Addr    Load Addr    Size         Type   Attr      Idx    E Section Name        Object

    0x08000000   0x08000000   0x00000130   Data   RO          229    RESET               startup_stm32f10x_hd.o
    0x08000130   0x08000130   0x00000008   Code   RO          815  * !!!main             c_w.l(__main.o)
    0x08000138   0x08000138   0x00000034   Code   RO         1186    !!!scatter          c_w.l(__scatter.o)
    0x0800016c   0x0800016c   0x0000001a   Code   RO         1188    !!handler_copy      c_w.l(__scatter_copy.o)
    0x08000186   0x08000186   0x00000002   PAD
    0x08000188   0x08000188   0x0000001c   Code   RO         1190    !!handler_zi        c_w.l(__scatter_zi.o)
    0x080001a4   0x080001a4   0x00000000   Code   RO          788    .ARM.Collect$$_printf_percent$$00000000  c_w.l(_printf_percent.o)
    0x080001a4   0x080001a4   0x00000006   Code   RO          784    .ARM.Collect$$_printf_percent$$00000009  c_w.l(_printf_d.o)
    0x080001aa   0x080001aa   0x00000006   Code   RO          785    .ARM.Collect$$_printf_percent$$0000000A  c_w.l(_printf_u.o)
    0x080001b0   0x080001b0   0x00000006   Code   RO          781    .ARM.Collect$$_printf_percent$$00000013  c_w.l(_printf_c.o)
    0x080001b6   0x080001b6   0x00000006   Code   RO          782    .ARM.Collect$$_printf_percent$$00000014  c_w.l(_printf_s.o)
    0x080001bc   0x080001bc   0x00000004   Code   RO          910    .ARM.Collect$$_printf_percent$$00000017  c_w.l(_printf_percent_end.o)
    0x080001c0   0x080001c0   0x00000002   Code   RO         1121    .ARM.Collect$$libinit$$00000000  c_w.l(libinit.o)
    0x080001c2   0x080001c2   0x00000000   Code   RO          916    .ARM.Collect$$libinit$$00000002  c_w.l(libinit2.o)
    0x080001c2   0x080001c2   0x00000000   Code   RO          918    .ARM.Collect$$libinit$$00000004  c_w.l(libinit2.o)
    0x080001c2   0x080001c2   0x00000000   Code   RO          921    .ARM.Collect$$libinit$$0000000A  c_w.l(libinit2.o)
    0x080001c2   0x080001c2   0x00000000   Code   RO          923    .ARM.Collect$$libinit$$0000000C  c_w.l(libinit2.o)
    0x080001c2   0x080001c2   0x00000000   Code   RO          925    .ARM.Collect$$libinit$$0000000E  c_w.l(libinit2.o)
    0x080001c2   0x080001c2   0x00000000   Code   RO          928    .ARM.Collect$$libinit$$00000011  c_w.l(libinit2.o)
    0x080001c2   0x080001c2   0x00000000   Code   RO          930    .ARM.Collect$$libinit$$00000013  c_w.l(libinit2.o)
    0x080001c2   0x080001c2   0x00000000   Code   RO          932    .ARM.Collect$$libinit$$00000015  c_w.l(libinit2.o)
    0x080001c2   0x080001c2   0x00000000   Code   RO          934    .ARM.Collect$$libinit$$00000017  c_w.l(libinit2.o)
    0x080001c2   0x080001c2   0x00000000   Code   RO          936    .ARM.Collect$$libinit$$00000019  c_w.l(libinit2.o)
    0x080001c2   0x080001c2   0x00000000   Code   RO          938    .ARM.Collect$$libinit$$0000001B  c_w.l(libinit2.o)
    0x080001c2   0x080001c2   0x00000000   Code   RO          940    .ARM.Collect$$libinit$$0000001D  c_w.l(libinit2.o)
    0x080001c2   0x080001c2   0x00000000   Code   RO          942    .ARM.Collect$$libinit$$0000001F  c_w.l(libinit2.o)
    0x080001c2   0x080001c2   0x00000000   Code   RO          944    .ARM.Collect$$libinit$$00000021  c_w.l(libinit2.o)
    0x080001c2   0x080001c2   0x00000000   Code   RO          946    .ARM.Collect$$libinit$$00000023  c_w.l(libinit2.o)
    0x080001c2   0x080001c2   0x00000000   Code   RO          948    .ARM.Collect$$libinit$$00000025  c_w.l(libinit2.o)
    0x080001c2   0x080001c2   0x00000000   Code   RO          952    .ARM.Collect$$libinit$$0000002C  c_w.l(libinit2.o)
    0x080001c2   0x080001c2   0x00000000   Code   RO          954    .ARM.Collect$$libinit$$0000002E  c_w.l(libinit2.o)
    0x080001c2   0x080001c2   0x00000000   Code   RO          956    .ARM.Collect$$libinit$$00000030  c_w.l(libinit2.o)
    0x080001c2   0x080001c2   0x00000000   Code   RO          958    .ARM.Collect$$libinit$$00000032  c_w.l(libinit2.o)
    0x080001c2   0x080001c2   0x00000002   Code   RO          959    .ARM.Collect$$libinit$$00000033  c_w.l(libinit2.o)
    0x080001c4   0x080001c4   0x00000002   Code   RO         1183    .ARM.Collect$$libshutdown$$00000000  c_w.l(libshutdown.o)
    0x080001c6   0x080001c6   0x00000000   Code   RO         1135    .ARM.Collect$$libshutdown$$00000002  c_w.l(libshutdown2.o)
    0x080001c6   0x080001c6   0x00000000   Code   RO         1137    .ARM.Collect$$libshutdown$$00000004  c_w.l(libshutdown2.o)
    0x080001c6   0x080001c6   0x00000000   Code   RO         1139    .ARM.Collect$$libshutdown$$00000006  c_w.l(libshutdown2.o)
    0x080001c6   0x080001c6   0x00000000   Code   RO         1142    .ARM.Collect$$libshutdown$$00000009  c_w.l(libshutdown2.o)
    0x080001c6   0x080001c6   0x00000000   Code   RO         1145    .ARM.Collect$$libshutdown$$0000000C  c_w.l(libshutdown2.o)
    0x080001c6   0x080001c6   0x00000000   Code   RO         1147    .ARM.Collect$$libshutdown$$0000000E  c_w.l(libshutdown2.o)
    0x080001c6   0x080001c6   0x00000000   Code   RO         1150    .ARM.Collect$$libshutdown$$00000011  c_w.l(libshutdown2.o)
    0x080001c6   0x080001c6   0x00000002   Code   RO         1151    .ARM.Collect$$libshutdown$$00000012  c_w.l(libshutdown2.o)
    0x080001c8   0x080001c8   0x00000000   Code   RO          863    .ARM.Collect$$rtentry$$00000000  c_w.l(__rtentry.o)
    0x080001c8   0x080001c8   0x00000000   Code   RO         1008    .ARM.Collect$$rtentry$$00000002  c_w.l(__rtentry2.o)
    0x080001c8   0x080001c8   0x00000006   Code   RO         1020    .ARM.Collect$$rtentry$$00000004  c_w.l(__rtentry4.o)
    0x080001ce   0x080001ce   0x00000000   Code   RO         1010    .ARM.Collect$$rtentry$$00000009  c_w.l(__rtentry2.o)
    0x080001ce   0x080001ce   0x00000004   Code   RO         1011    .ARM.Collect$$rtentry$$0000000A  c_w.l(__rtentry2.o)
    0x080001d2   0x080001d2   0x00000000   Code   RO         1013    .ARM.Collect$$rtentry$$0000000C  c_w.l(__rtentry2.o)
    0x080001d2   0x080001d2   0x00000008   Code   RO         1014    .ARM.Collect$$rtentry$$0000000D  c_w.l(__rtentry2.o)
    0x080001da   0x080001da   0x00000002   Code   RO         1124    .ARM.Collect$$rtexit$$00000000  c_w.l(rtexit.o)
    0x080001dc   0x080001dc   0x00000000   Code   RO         1157    .ARM.Collect$$rtexit$$00000002  c_w.l(rtexit2.o)
    0x080001dc   0x080001dc   0x00000004   Code   RO         1158    .ARM.Collect$$rtexit$$00000003  c_w.l(rtexit2.o)
    0x080001e0   0x080001e0   0x00000006   Code   RO         1159    .ARM.Collect$$rtexit$$00000004  c_w.l(rtexit2.o)
    0x080001e6   0x080001e6   0x00000002   PAD
    0x080001e8   0x080001e8   0x00000096   Code   RO          417    .emb_text           port.o
    0x0800027e   0x0800027e   0x00000002   PAD
    0x08000280   0x08000280   0x000000b0   Code   RO            1    .text               main.o
    0x08000330   0x08000330   0x0000000c   Code   RO          157    .text               stm32f10x_it.o
    0x0800033c   0x0800033c   0x00000158   Code   RO          198    .text               system_stm32f10x.o
    0x08000494   0x08000494   0x00000040   Code   RO          230    .text               startup_stm32f10x_hd.o
    0x080004d4   0x080004d4   0x000000b0   Code   RO          234    .text               misc.o
    0x08000584   0x08000584   0x00000264   Code   RO          246    .text               stm32f10x_gpio.o
    0x080007e8   0x080007e8   0x000002b8   Code   RO          258    .text               stm32f10x_rcc.o
    0x08000aa0   0x08000aa0   0x00000328   Code   RO          272    .text               stm32f10x_usart.o
    0x08000dc8   0x08000dc8   0x00000088   Code   RO          336    .text               list.o
    0x08000e50   0x08000e50   0x00000aac   Code   RO          348    .text               queue.o
    0x080018fc   0x080018fc   0x0000134c   Code   RO          370    .text               tasks.o
    0x08002c48   0x08002c48   0x00000518   Code   RO          402    .text               timers.o
    0x08003160   0x08003160   0x000001f8   Code   RO          418    .text               port.o
    0x08003358   0x08003358   0x00000214   Code   RO          448    .text               heap_4.o
    0x0800356c   0x0800356c   0x000000d8   Code   RO          463    .text               delay.o
    0x08003644   0x08003644   0x00000114   Code   RO          493    .text               usart.o
    0x08003758   0x08003758   0x00000060   Code   RO          565    .text               bsp_led.o
    0x080037b8   0x080037b8   0x000003bc   Code   RO          577    .text               bsp_esp8266.o
    0x08003b74   0x08003b74   0x00000002   Code   RO          658    .text               c_w.l(use_no_semi_2.o)
    0x08003b76   0x08003b76   0x00000002   PAD
    0x08003b78   0x08003b78   0x00000018   Code   RO          728    .text               c_w.l(noretval__2printf.o)
    0x08003b90   0x08003b90   0x00000028   Code   RO          730    .text               c_w.l(noretval__2sprintf.o)
    0x08003bb8   0x08003bb8   0x00000052   Code   RO          736    .text               c_w.l(_printf_str.o)
    0x08003c0a   0x08003c0a   0x00000002   PAD
    0x08003c0c   0x08003c0c   0x00000078   Code   RO          738    .text               c_w.l(_printf_dec.o)
    0x08003c84   0x08003c84   0x00000138   Code   RO          773    .text               c_w.l(__printf_flags_wp.o)
    0x08003dbc   0x08003dbc   0x00000014   Code   RO          791    .text               c_w.l(strchr.o)
    0x08003dd0   0x08003dd0   0x00000024   Code   RO          795    .text               c_w.l(strstr.o)
    0x08003df4   0x08003df4   0x00000048   Code   RO          797    .text               c_w.l(strcpy.o)
    0x08003e3c   0x08003e3c   0x0000003e   Code   RO          799    .text               c_w.l(strlen.o)
    0x08003e7a   0x08003e7a   0x0000008a   Code   RO          803    .text               c_w.l(rt_memcpy_v6.o)
    0x08003f04   0x08003f04   0x00000064   Code   RO          805    .text               c_w.l(rt_memcpy_w.o)
    0x08003f68   0x08003f68   0x00000010   Code   RO          807    .text               c_w.l(aeabi_memset.o)
    0x08003f78   0x08003f78   0x00000044   Code   RO          809    .text               c_w.l(rt_memclr.o)
    0x08003fbc   0x08003fbc   0x0000004e   Code   RO          811    .text               c_w.l(rt_memclr_w.o)
    0x0800400a   0x0800400a   0x00000006   Code   RO          813    .text               c_w.l(heapauxi.o)
    0x08004010   0x08004010   0x00000002   Code   RO          859    .text               c_w.l(use_no_semi.o)
    0x08004012   0x08004012   0x000000b2   Code   RO          898    .text               c_w.l(_printf_intcommon.o)
    0x080040c4   0x080040c4   0x00000030   Code   RO          902    .text               c_w.l(_printf_char_common.o)
    0x080040f4   0x080040f4   0x0000000a   Code   RO          904    .text               c_w.l(_sputc.o)
    0x080040fe   0x080040fe   0x0000002c   Code   RO          906    .text               c_w.l(_printf_char.o)
    0x0800412a   0x0800412a   0x00000002   PAD
    0x0800412c   0x0800412c   0x00000024   Code   RO          908    .text               c_w.l(_printf_char_file.o)
    0x08004150   0x08004150   0x00000008   Code   RO         1004    .text               c_w.l(libspace.o)
    0x08004158   0x08004158   0x00000008   Code   RO         1068    .text               c_w.l(ferror.o)
    0x08004160   0x08004160   0x0000004a   Code   RO         1096    .text               c_w.l(sys_stackheap_outer.o)
    0x080041aa   0x080041aa   0x00000012   Code   RO         1104    .text               c_w.l(exit.o)
    0x080041bc   0x080041bc   0x0000000e   Code   RO          771    i._is_digit         c_w.l(__printf_wp.o)
    0x080041ca   0x080041ca   0x00000011   Data   RO          774    .constdata          c_w.l(__printf_flags_wp.o)
    0x080041db   0x080041db   0x00000001   PAD
    0x080041dc   0x080041dc   0x00000020   Data   RO         1184    Region$$Table       anon$$obj.o


    Execution Region RW_IRAM1 (Exec base: 0x20000000, Load base: 0x080041fc, Size: 0x00005ba8, Max: 0x00010000, ABSOLUTE)

    Exec Addr    Load Addr    Size         Type   Attr      Idx    E Section Name        Object

    0x20000000   0x080041fc   0x00000008   Data   RW            2    .data               main.o
    0x20000008   0x08004204   0x00000014   Data   RW          199    .data               system_stm32f10x.o
    0x2000001c   0x08004218   0x00000014   Data   RW          259    .data               stm32f10x_rcc.o
    0x20000030   0x0800422c   0x0000003c   Data   RW          372    .data               tasks.o
    0x2000006c   0x08004268   0x00000014   Data   RW          404    .data               timers.o
    0x20000080   0x0800427c   0x0000000c   Data   RW          419    .data               port.o
    0x2000008c   0x08004288   0x00000018   Data   RW          450    .data               heap_4.o
    0x200000a4   0x080042a0   0x00000004   Data   RW          464    .data               delay.o
    0x200000a8   0x080042a4   0x00000002   Data   RW          495    .data               usart.o
    0x200000aa   0x080042a6   0x00000002   PAD
    0x200000ac   0x080042a8   0x00000004   Data   RW          496    .data               usart.o
    0x200000b0   0x080042ac   0x00000004   Data   RW          579    .data               bsp_esp8266.o
    0x200000b4        -       0x00000040   Zero   RW          349    .bss                queue.o
    0x200000f4        -       0x000002e4   Zero   RW          371    .bss                tasks.o
    0x200003d8        -       0x00000028   Zero   RW          403    .bss                timers.o
    0x20000400        -       0x00005000   Zero   RW          449    .bss                heap_4.o
    0x20005400        -       0x000000c8   Zero   RW          494    .bss                usart.o
    0x200054c8        -       0x00000080   Zero   RW          578    .bss                bsp_esp8266.o
    0x20005548        -       0x00000060   Zero   RW         1005    .bss                c_w.l(libspace.o)
    0x200055a8        -       0x00000200   Zero   RW          228    HEAP                startup_stm32f10x_hd.o
    0x200057a8        -       0x00000400   Zero   RW          227    STACK               startup_stm32f10x_hd.o


==============================================================================

Image component sizes


      Code (inc. data)   RO Data    RW Data    ZI Data      Debug   Object Name

       956        260          0          4        128       3887   bsp_esp8266.o
        96          4          0          0          0        530   bsp_led.o
         0          0          0          0          0         32   core_cm3.o
       216         12          0          4          0       1609   delay.o
         0          0          0          0          0      11724   event_groups.o
       532         66          0         24      20480       3372   heap_4.o
       136          0          0          0          0       1782   list.o
       176         32          0          8          0     243573   main.o
       176         14          0          0          0       1865   misc.o
       654         94          0         12          0       7617   port.o
      2732         52          0          0         64      19488   queue.o
        64         26        304          0       1536        780   startup_stm32f10x_hd.o
       612         36          0          0          0       5993   stm32f10x_gpio.o
        12          0          0          0          0        871   stm32f10x_it.o
       696         32          0         20          0       8956   stm32f10x_rcc.o
       808         22          0          0          0       8860   stm32f10x_usart.o
       344         34          0         20          0       1727   system_stm32f10x.o
      4940        180          0         60        740      33222   tasks.o
      1304        128          0         20         40       9028   timers.o
       276         16          0          6        200       3262   usart.o

    ----------------------------------------------------------------------
     14732       1008        336        180      23188     368178   Object Totals
         0          0         32          0          0          0   (incl. Generated)
         2          0          0          2          0          0   (incl. Padding)

    ----------------------------------------------------------------------

      Code (inc. data)   RO Data    RW Data    ZI Data      Debug   Library Member Name

         8          0          0          0          0         68   __main.o
       312          4         17          0          0         92   __printf_flags_wp.o
        14          0          0          0          0         68   __printf_wp.o
         0          0          0          0          0          0   __rtentry.o
        12          0          0          0          0          0   __rtentry2.o
         6          0          0          0          0          0   __rtentry4.o
        52          8          0          0          0          0   __scatter.o
        26          0          0          0          0          0   __scatter_copy.o
        28          0          0          0          0          0   __scatter_zi.o
         6          0          0          0          0          0   _printf_c.o
        44          0          0          0          0        108   _printf_char.o
        48          6          0          0          0         96   _printf_char_common.o
        36          4          0          0          0         80   _printf_char_file.o
         6          0          0          0          0          0   _printf_d.o
       120         16          0          0          0         92   _printf_dec.o
       178          0          0          0          0         88   _printf_intcommon.o
         0          0          0          0          0          0   _printf_percent.o
         4          0          0          0          0          0   _printf_percent_end.o
         6          0          0          0          0          0   _printf_s.o
        82          0          0          0          0         80   _printf_str.o
         6          0          0          0          0          0   _printf_u.o
        10          0          0          0          0         68   _sputc.o
        16          0          0          0          0         68   aeabi_memset.o
        18          0          0          0          0         80   exit.o
         8          0          0          0          0         68   ferror.o
         6          0          0          0          0        152   heapauxi.o
         2          0          0          0          0          0   libinit.o
         2          0          0          0          0          0   libinit2.o
         2          0          0          0          0          0   libshutdown.o
         2          0          0          0          0          0   libshutdown2.o
         8          4          0          0         96         68   libspace.o
        24          4          0          0          0         84   noretval__2printf.o
        40          6          0          0          0         84   noretval__2sprintf.o
        68          0          0          0          0         68   rt_memclr.o
        78          0          0          0          0         80   rt_memclr_w.o
       138          0          0          0          0         68   rt_memcpy_v6.o
       100          0          0          0          0         80   rt_memcpy_w.o
         2          0          0          0          0          0   rtexit.o
        10          0          0          0          0          0   rtexit2.o
        20          0          0          0          0         68   strchr.o
        72          0          0          0          0         80   strcpy.o
        62          0          0          0          0         76   strlen.o
        36          0          0          0          0         80   strstr.o
        74          0          0          0          0         80   sys_stackheap_outer.o
         2          0          0          0          0         68   use_no_semi.o
         2          0          0          0          0         68   use_no_semi_2.o

    ----------------------------------------------------------------------
      1806         52         18          0         96       2260   Library Totals
        10          0          1          0          0          0   (incl. Padding)

    ----------------------------------------------------------------------

      Code (inc. data)   RO Data    RW Data    ZI Data      Debug   Library Name

      1796         52         17          0         96       2260   c_w.l

    ----------------------------------------------------------------------
      1806         52         18          0         96       2260   Library Totals

    ----------------------------------------------------------------------

==============================================================================


      Code (inc. data)   RO Data    RW Data    ZI Data      Debug   

     16538       1060        354        180      23284     366950   Grand Totals
     16538       1060        354        180      23284     366950   ELF Image Totals
     16538       1060        354        180          0          0   ROM Totals

==============================================================================

    Total RO  Size (Code + RO Data)                16892 (  16.50kB)
    Total RW  Size (RW Data + ZI Data)             23464 (  22.91kB)
    Total ROM Size (Code + RO Data + RW Data)      17072 (  16.67kB)

==============================================================================

